<!doctype html public "-//w3c//dtd html 4.0 transitional//en">
<html><head>
<title>Static Call Graph - [..\Output\Project.axf]</title></head>
<body><HR>
<H1>Static Call Graph for image ..\Output\Project.axf</H1><HR>
<BR><P>#&#060CALLGRAPH&#062# ARM Linker, 5060750: Last Updated: Sat Feb 01 15:38:08 2020
<BR><P>
<H3>Maximum Stack Usage =         20 bytes + Unknown(Cycles, Untraceable Function Pointers)</H3><H3>
Call chain for Maximum Stack Depth:</H3>
SystemInit
<P>
<H3>
Mutually Recursive functions
</H3> <LI><a href="#[e]">ADC_IRQHandler</a>&nbsp;&nbsp;&nbsp;&rArr;&nbsp;&nbsp;&nbsp;<a href="#[e]">ADC_IRQHandler</a><BR>
</UL>
<P>
<H3>
Function Pointers
</H3><UL>
 <LI><a href="#[e]">ADC_IRQHandler</a> from startup_ht32f5xxxx_01.o(RESET) referenced from startup_ht32f5xxxx_01.o(RESET)
 <LI><a href="#[14]">BFTM0_IRQHandler</a> from startup_ht32f5xxxx_01.o(RESET) referenced from startup_ht32f5xxxx_01.o(RESET)
 <LI><a href="#[15]">BFTM1_IRQHandler</a> from startup_ht32f5xxxx_01.o(RESET) referenced from startup_ht32f5xxxx_01.o(RESET)
 <LI><a href="#[23]">BootProcess</a> from startup_ht32f5xxxx_01.o(RESET) referenced from startup_ht32f5xxxx_01.o(RESET)
 <LI><a href="#[d]">COMP_IRQHandler</a> from startup_ht32f5xxxx_01.o(RESET) referenced from startup_ht32f5xxxx_01.o(RESET)
 <LI><a href="#[9]">EVWUP_IRQHandler</a> from startup_ht32f5xxxx_01.o(RESET) referenced from startup_ht32f5xxxx_01.o(RESET)
 <LI><a href="#[a]">EXTI0_1_IRQHandler</a> from startup_ht32f5xxxx_01.o(RESET) referenced from startup_ht32f5xxxx_01.o(RESET)
 <LI><a href="#[b]">EXTI2_3_IRQHandler</a> from startup_ht32f5xxxx_01.o(RESET) referenced from startup_ht32f5xxxx_01.o(RESET)
 <LI><a href="#[c]">EXTI4_15_IRQHandler</a> from startup_ht32f5xxxx_01.o(RESET) referenced from startup_ht32f5xxxx_01.o(RESET)
 <LI><a href="#[8]">FLASH_IRQHandler</a> from startup_ht32f5xxxx_01.o(RESET) referenced from startup_ht32f5xxxx_01.o(RESET)
 <LI><a href="#[11]">GPTM0_IRQHandler</a> from startup_ht32f5xxxx_01.o(RESET) referenced from startup_ht32f5xxxx_01.o(RESET)
 <LI><a href="#[10]">GPTM1_IRQHandler</a> from startup_ht32f5xxxx_01.o(RESET) referenced from startup_ht32f5xxxx_01.o(RESET)
 <LI><a href="#[2]">HardFault_Handler</a> from ht32f5xxxx_01_it.o(i.HardFault_Handler) referenced from startup_ht32f5xxxx_01.o(RESET)
 <LI><a href="#[16]">I2C0_IRQHandler</a> from startup_ht32f5xxxx_01.o(RESET) referenced from startup_ht32f5xxxx_01.o(RESET)
 <LI><a href="#[17]">I2C1_IRQHandler</a> from startup_ht32f5xxxx_01.o(RESET) referenced from startup_ht32f5xxxx_01.o(RESET)
 <LI><a href="#[1f]">I2S_IRQHandler</a> from startup_ht32f5xxxx_01.o(RESET) referenced from startup_ht32f5xxxx_01.o(RESET)
 <LI><a href="#[6]">LVD_BOD_IRQHandler</a> from startup_ht32f5xxxx_01.o(RESET) referenced from startup_ht32f5xxxx_01.o(RESET)
 <LI><a href="#[f]">MCTM0_IRQHandler</a> from startup_ht32f5xxxx_01.o(RESET) referenced from startup_ht32f5xxxx_01.o(RESET)
 <LI><a href="#[1]">NMI_Handler</a> from ht32f5xxxx_01_it.o(i.NMI_Handler) referenced from startup_ht32f5xxxx_01.o(RESET)
 <LI><a href="#[21]">PDMA_CH0_1_IRQHandler</a> from startup_ht32f5xxxx_01.o(RESET) referenced from startup_ht32f5xxxx_01.o(RESET)
 <LI><a href="#[22]">PDMA_CH2_5_IRQHandler</a> from startup_ht32f5xxxx_01.o(RESET) referenced from startup_ht32f5xxxx_01.o(RESET)
 <LI><a href="#[4]">PendSV_Handler</a> from ht32f5xxxx_01_it.o(i.PendSV_Handler) referenced from startup_ht32f5xxxx_01.o(RESET)
 <LI><a href="#[7]">RTC_IRQHandler</a> from startup_ht32f5xxxx_01.o(RESET) referenced from startup_ht32f5xxxx_01.o(RESET)
 <LI><a href="#[27]">Reset_Handler</a> from startup_ht32f5xxxx_01.o(RESET) referenced from startup_ht32f5xxxx_01.o(RESET)
 <LI><a href="#[1e]">SCI_IRQHandler</a> from startup_ht32f5xxxx_01.o(RESET) referenced from startup_ht32f5xxxx_01.o(RESET)
 <LI><a href="#[12]">SCTM0_IRQHandler</a> from startup_ht32f5xxxx_01.o(RESET) referenced from startup_ht32f5xxxx_01.o(RESET)
 <LI><a href="#[13]">SCTM1_IRQHandler</a> from startup_ht32f5xxxx_01.o(RESET) referenced from startup_ht32f5xxxx_01.o(RESET)
 <LI><a href="#[18]">SPI0_IRQHandler</a> from startup_ht32f5xxxx_01.o(RESET) referenced from startup_ht32f5xxxx_01.o(RESET)
 <LI><a href="#[19]">SPI1_IRQHandler</a> from startup_ht32f5xxxx_01.o(RESET) referenced from startup_ht32f5xxxx_01.o(RESET)
 <LI><a href="#[3]">SVC_Handler</a> from ht32f5xxxx_01_it.o(i.SVC_Handler) referenced from startup_ht32f5xxxx_01.o(RESET)
 <LI><a href="#[5]">SysTick_Handler</a> from ht32f5xxxx_01_it.o(i.SysTick_Handler) referenced from startup_ht32f5xxxx_01.o(RESET)
 <LI><a href="#[24]">SystemInit</a> from system_ht32f5xxxx_01.o(i.SystemInit) referenced from startup_ht32f5xxxx_01.o(RESET)
 <LI><a href="#[1c]">UART0_IRQHandler</a> from startup_ht32f5xxxx_01.o(RESET) referenced from startup_ht32f5xxxx_01.o(RESET)
 <LI><a href="#[1d]">UART1_IRQHandler</a> from startup_ht32f5xxxx_01.o(RESET) referenced from startup_ht32f5xxxx_01.o(RESET)
 <LI><a href="#[1a]">USART0_IRQHandler</a> from startup_ht32f5xxxx_01.o(RESET) referenced from startup_ht32f5xxxx_01.o(RESET)
 <LI><a href="#[1b]">USART1_IRQHandler</a> from startup_ht32f5xxxx_01.o(RESET) referenced from startup_ht32f5xxxx_01.o(RESET)
 <LI><a href="#[20]">USB_IRQHandler</a> from startup_ht32f5xxxx_01.o(RESET) referenced from startup_ht32f5xxxx_01.o(RESET)
 <LI><a href="#[25]">__main</a> from entry.o(.ARM.Collect$$$$00000000) referenced from startup_ht32f5xxxx_01.o(RESET)
 <LI><a href="#[26]">main</a> from main.o(i.main) referenced from entry9a.o(.ARM.Collect$$$$0000000B)
</UL>
<P>
<H3>
Global Symbols
</H3>
<P><STRONG><a name="[27]"></a>Reset_Handler</STRONG> (Thumb, 12 bytes, Stack size 0 bytes, startup_ht32f5xxxx_01.o(RESET))

<P><STRONG><a name="[e]"></a>ADC_IRQHandler</STRONG> (Thumb, 0 bytes, Stack size 0 bytes, startup_ht32f5xxxx_01.o(RESET))
<BR><BR>[Calls]<UL><LI><a href="#[e]">&gt;&gt;</a>&nbsp;&nbsp;&nbsp;ADC_IRQHandler
</UL>
<BR>[Called By]<UL><LI><a href="#[e]">&gt;&gt;</a>&nbsp;&nbsp;&nbsp;ADC_IRQHandler
</UL>
<BR>[Address Reference Count : 1]<UL><LI> startup_ht32f5xxxx_01.o(RESET)
</UL>
<P><STRONG><a name="[28]"></a>AES_IRQHandler</STRONG> (Thumb, 0 bytes, Stack size 0 bytes, startup_ht32f5xxxx_01.o(RESET), UNUSED, KEPT)

<P><STRONG><a name="[14]"></a>BFTM0_IRQHandler</STRONG> (Thumb, 0 bytes, Stack size 0 bytes, startup_ht32f5xxxx_01.o(RESET))
<BR>[Address Reference Count : 1]<UL><LI> startup_ht32f5xxxx_01.o(RESET)
</UL>
<P><STRONG><a name="[15]"></a>BFTM1_IRQHandler</STRONG> (Thumb, 0 bytes, Stack size 0 bytes, startup_ht32f5xxxx_01.o(RESET))
<BR>[Address Reference Count : 1]<UL><LI> startup_ht32f5xxxx_01.o(RESET)
</UL>
<P><STRONG><a name="[d]"></a>COMP_IRQHandler</STRONG> (Thumb, 0 bytes, Stack size 0 bytes, startup_ht32f5xxxx_01.o(RESET))
<BR>[Address Reference Count : 1]<UL><LI> startup_ht32f5xxxx_01.o(RESET)
</UL>
<P><STRONG><a name="[9]"></a>EVWUP_IRQHandler</STRONG> (Thumb, 0 bytes, Stack size 0 bytes, startup_ht32f5xxxx_01.o(RESET))
<BR>[Address Reference Count : 1]<UL><LI> startup_ht32f5xxxx_01.o(RESET)
</UL>
<P><STRONG><a name="[a]"></a>EXTI0_1_IRQHandler</STRONG> (Thumb, 0 bytes, Stack size 0 bytes, startup_ht32f5xxxx_01.o(RESET))
<BR>[Address Reference Count : 1]<UL><LI> startup_ht32f5xxxx_01.o(RESET)
</UL>
<P><STRONG><a name="[b]"></a>EXTI2_3_IRQHandler</STRONG> (Thumb, 0 bytes, Stack size 0 bytes, startup_ht32f5xxxx_01.o(RESET))
<BR>[Address Reference Count : 1]<UL><LI> startup_ht32f5xxxx_01.o(RESET)
</UL>
<P><STRONG><a name="[c]"></a>EXTI4_15_IRQHandler</STRONG> (Thumb, 0 bytes, Stack size 0 bytes, startup_ht32f5xxxx_01.o(RESET))
<BR>[Address Reference Count : 1]<UL><LI> startup_ht32f5xxxx_01.o(RESET)
</UL>
<P><STRONG><a name="[8]"></a>FLASH_IRQHandler</STRONG> (Thumb, 0 bytes, Stack size 0 bytes, startup_ht32f5xxxx_01.o(RESET))
<BR>[Address Reference Count : 1]<UL><LI> startup_ht32f5xxxx_01.o(RESET)
</UL>
<P><STRONG><a name="[11]"></a>GPTM0_IRQHandler</STRONG> (Thumb, 0 bytes, Stack size 0 bytes, startup_ht32f5xxxx_01.o(RESET))
<BR>[Address Reference Count : 1]<UL><LI> startup_ht32f5xxxx_01.o(RESET)
</UL>
<P><STRONG><a name="[10]"></a>GPTM1_IRQHandler</STRONG> (Thumb, 0 bytes, Stack size 0 bytes, startup_ht32f5xxxx_01.o(RESET))
<BR>[Address Reference Count : 1]<UL><LI> startup_ht32f5xxxx_01.o(RESET)
</UL>
<P><STRONG><a name="[16]"></a>I2C0_IRQHandler</STRONG> (Thumb, 0 bytes, Stack size 0 bytes, startup_ht32f5xxxx_01.o(RESET))
<BR>[Address Reference Count : 1]<UL><LI> startup_ht32f5xxxx_01.o(RESET)
</UL>
<P><STRONG><a name="[17]"></a>I2C1_IRQHandler</STRONG> (Thumb, 0 bytes, Stack size 0 bytes, startup_ht32f5xxxx_01.o(RESET))
<BR>[Address Reference Count : 1]<UL><LI> startup_ht32f5xxxx_01.o(RESET)
</UL>
<P><STRONG><a name="[1f]"></a>I2S_IRQHandler</STRONG> (Thumb, 0 bytes, Stack size 0 bytes, startup_ht32f5xxxx_01.o(RESET))
<BR>[Address Reference Count : 1]<UL><LI> startup_ht32f5xxxx_01.o(RESET)
</UL>
<P><STRONG><a name="[6]"></a>LVD_BOD_IRQHandler</STRONG> (Thumb, 0 bytes, Stack size 0 bytes, startup_ht32f5xxxx_01.o(RESET))
<BR>[Address Reference Count : 1]<UL><LI> startup_ht32f5xxxx_01.o(RESET)
</UL>
<P><STRONG><a name="[f]"></a>MCTM0_IRQHandler</STRONG> (Thumb, 0 bytes, Stack size 0 bytes, startup_ht32f5xxxx_01.o(RESET))
<BR>[Address Reference Count : 1]<UL><LI> startup_ht32f5xxxx_01.o(RESET)
</UL>
<P><STRONG><a name="[21]"></a>PDMA_CH0_1_IRQHandler</STRONG> (Thumb, 0 bytes, Stack size 0 bytes, startup_ht32f5xxxx_01.o(RESET))
<BR>[Address Reference Count : 1]<UL><LI> startup_ht32f5xxxx_01.o(RESET)
</UL>
<P><STRONG><a name="[22]"></a>PDMA_CH2_5_IRQHandler</STRONG> (Thumb, 0 bytes, Stack size 0 bytes, startup_ht32f5xxxx_01.o(RESET))
<BR>[Address Reference Count : 1]<UL><LI> startup_ht32f5xxxx_01.o(RESET)
</UL>
<P><STRONG><a name="[29]"></a>PWM0_IRQHandler</STRONG> (Thumb, 0 bytes, Stack size 0 bytes, startup_ht32f5xxxx_01.o(RESET), UNUSED, KEPT)

<P><STRONG><a name="[2a]"></a>PWM1_IRQHandler</STRONG> (Thumb, 0 bytes, Stack size 0 bytes, startup_ht32f5xxxx_01.o(RESET), UNUSED, KEPT)

<P><STRONG><a name="[7]"></a>RTC_IRQHandler</STRONG> (Thumb, 0 bytes, Stack size 0 bytes, startup_ht32f5xxxx_01.o(RESET))
<BR>[Address Reference Count : 1]<UL><LI> startup_ht32f5xxxx_01.o(RESET)
</UL>
<P><STRONG><a name="[1e]"></a>SCI_IRQHandler</STRONG> (Thumb, 0 bytes, Stack size 0 bytes, startup_ht32f5xxxx_01.o(RESET))
<BR>[Address Reference Count : 1]<UL><LI> startup_ht32f5xxxx_01.o(RESET)
</UL>
<P><STRONG><a name="[12]"></a>SCTM0_IRQHandler</STRONG> (Thumb, 0 bytes, Stack size 0 bytes, startup_ht32f5xxxx_01.o(RESET))
<BR>[Address Reference Count : 1]<UL><LI> startup_ht32f5xxxx_01.o(RESET)
</UL>
<P><STRONG><a name="[13]"></a>SCTM1_IRQHandler</STRONG> (Thumb, 0 bytes, Stack size 0 bytes, startup_ht32f5xxxx_01.o(RESET))
<BR>[Address Reference Count : 1]<UL><LI> startup_ht32f5xxxx_01.o(RESET)
</UL>
<P><STRONG><a name="[2b]"></a>SCTM2_IRQHandler</STRONG> (Thumb, 0 bytes, Stack size 0 bytes, startup_ht32f5xxxx_01.o(RESET), UNUSED, KEPT)

<P><STRONG><a name="[2c]"></a>SCTM3_IRQHandler</STRONG> (Thumb, 0 bytes, Stack size 0 bytes, startup_ht32f5xxxx_01.o(RESET), UNUSED, KEPT)

<P><STRONG><a name="[18]"></a>SPI0_IRQHandler</STRONG> (Thumb, 0 bytes, Stack size 0 bytes, startup_ht32f5xxxx_01.o(RESET))
<BR>[Address Reference Count : 1]<UL><LI> startup_ht32f5xxxx_01.o(RESET)
</UL>
<P><STRONG><a name="[19]"></a>SPI1_IRQHandler</STRONG> (Thumb, 0 bytes, Stack size 0 bytes, startup_ht32f5xxxx_01.o(RESET))
<BR>[Address Reference Count : 1]<UL><LI> startup_ht32f5xxxx_01.o(RESET)
</UL>
<P><STRONG><a name="[1c]"></a>UART0_IRQHandler</STRONG> (Thumb, 0 bytes, Stack size 0 bytes, startup_ht32f5xxxx_01.o(RESET))
<BR>[Address Reference Count : 1]<UL><LI> startup_ht32f5xxxx_01.o(RESET)
</UL>
<P><STRONG><a name="[1d]"></a>UART1_IRQHandler</STRONG> (Thumb, 0 bytes, Stack size 0 bytes, startup_ht32f5xxxx_01.o(RESET))
<BR>[Address Reference Count : 1]<UL><LI> startup_ht32f5xxxx_01.o(RESET)
</UL>
<P><STRONG><a name="[2d]"></a>UART2_IRQHandler</STRONG> (Thumb, 0 bytes, Stack size 0 bytes, startup_ht32f5xxxx_01.o(RESET), UNUSED, KEPT)

<P><STRONG><a name="[2e]"></a>UART3_IRQHandler</STRONG> (Thumb, 0 bytes, Stack size 0 bytes, startup_ht32f5xxxx_01.o(RESET), UNUSED, KEPT)

<P><STRONG><a name="[1a]"></a>USART0_IRQHandler</STRONG> (Thumb, 0 bytes, Stack size 0 bytes, startup_ht32f5xxxx_01.o(RESET))
<BR>[Address Reference Count : 1]<UL><LI> startup_ht32f5xxxx_01.o(RESET)
</UL>
<P><STRONG><a name="[1b]"></a>USART1_IRQHandler</STRONG> (Thumb, 0 bytes, Stack size 0 bytes, startup_ht32f5xxxx_01.o(RESET))
<BR>[Address Reference Count : 1]<UL><LI> startup_ht32f5xxxx_01.o(RESET)
</UL>
<P><STRONG><a name="[20]"></a>USB_IRQHandler</STRONG> (Thumb, 0 bytes, Stack size 0 bytes, startup_ht32f5xxxx_01.o(RESET))
<BR>[Address Reference Count : 1]<UL><LI> startup_ht32f5xxxx_01.o(RESET)
</UL>
<P><STRONG><a name="[25]"></a>__main</STRONG> (Thumb, 0 bytes, Stack size unknown bytes, entry.o(.ARM.Collect$$$$00000000))
<BR>[Address Reference Count : 1]<UL><LI> startup_ht32f5xxxx_01.o(RESET)
</UL>
<P><STRONG><a name="[32]"></a>_main_stk</STRONG> (Thumb, 0 bytes, Stack size unknown bytes, entry2.o(.ARM.Collect$$$$00000001))

<P><STRONG><a name="[2f]"></a>_main_scatterload</STRONG> (Thumb, 0 bytes, Stack size unknown bytes, entry5.o(.ARM.Collect$$$$00000004))
<BR><BR>[Calls]<UL><LI><a href="#[30]">&gt;&gt;</a>&nbsp;&nbsp;&nbsp;__scatterload
</UL>

<P><STRONG><a name="[31]"></a>__main_after_scatterload</STRONG> (Thumb, 0 bytes, Stack size unknown bytes, entry5.o(.ARM.Collect$$$$00000004))
<BR><BR>[Called By]<UL><LI><a href="#[30]">&gt;&gt;</a>&nbsp;&nbsp;&nbsp;__scatterload
</UL>

<P><STRONG><a name="[33]"></a>_main_clock</STRONG> (Thumb, 0 bytes, Stack size unknown bytes, entry7b.o(.ARM.Collect$$$$00000008))

<P><STRONG><a name="[34]"></a>_main_cpp_init</STRONG> (Thumb, 0 bytes, Stack size unknown bytes, entry8b.o(.ARM.Collect$$$$0000000A))

<P><STRONG><a name="[35]"></a>_main_init</STRONG> (Thumb, 0 bytes, Stack size unknown bytes, entry9a.o(.ARM.Collect$$$$0000000B))

<P><STRONG><a name="[36]"></a>__rt_final_cpp</STRONG> (Thumb, 0 bytes, Stack size unknown bytes, entry10a.o(.ARM.Collect$$$$0000000D))

<P><STRONG><a name="[37]"></a>__rt_final_exit</STRONG> (Thumb, 0 bytes, Stack size unknown bytes, entry11a.o(.ARM.Collect$$$$0000000F))

<P><STRONG><a name="[30]"></a>__scatterload</STRONG> (Thumb, 28 bytes, Stack size 0 bytes, init.o(.text))
<BR><BR>[Calls]<UL><LI><a href="#[31]">&gt;&gt;</a>&nbsp;&nbsp;&nbsp;__main_after_scatterload
</UL>
<BR>[Called By]<UL><LI><a href="#[2f]">&gt;&gt;</a>&nbsp;&nbsp;&nbsp;_main_scatterload
</UL>

<P><STRONG><a name="[38]"></a>__scatterload_rt2</STRONG> (Thumb, 0 bytes, Stack size 0 bytes, init.o(.text), UNUSED)

<P><STRONG><a name="[2]"></a>HardFault_Handler</STRONG> (Thumb, 10 bytes, Stack size 0 bytes, ht32f5xxxx_01_it.o(i.HardFault_Handler))
<BR>[Address Reference Count : 1]<UL><LI> startup_ht32f5xxxx_01.o(RESET)
</UL>
<P><STRONG><a name="[1]"></a>NMI_Handler</STRONG> (Thumb, 2 bytes, Stack size 0 bytes, ht32f5xxxx_01_it.o(i.NMI_Handler))
<BR>[Address Reference Count : 1]<UL><LI> startup_ht32f5xxxx_01.o(RESET)
</UL>
<P><STRONG><a name="[4]"></a>PendSV_Handler</STRONG> (Thumb, 2 bytes, Stack size 0 bytes, ht32f5xxxx_01_it.o(i.PendSV_Handler))
<BR>[Address Reference Count : 1]<UL><LI> startup_ht32f5xxxx_01.o(RESET)
</UL>
<P><STRONG><a name="[3]"></a>SVC_Handler</STRONG> (Thumb, 2 bytes, Stack size 0 bytes, ht32f5xxxx_01_it.o(i.SVC_Handler))
<BR>[Address Reference Count : 1]<UL><LI> startup_ht32f5xxxx_01.o(RESET)
</UL>
<P><STRONG><a name="[5]"></a>SysTick_Handler</STRONG> (Thumb, 2 bytes, Stack size 0 bytes, ht32f5xxxx_01_it.o(i.SysTick_Handler))
<BR>[Address Reference Count : 1]<UL><LI> startup_ht32f5xxxx_01.o(RESET)
</UL>
<P><STRONG><a name="[24]"></a>SystemInit</STRONG> (Thumb, 210 bytes, Stack size 20 bytes, system_ht32f5xxxx_01.o(i.SystemInit))
<BR><BR>[Stack]<UL><LI>Max Depth = 20<LI>Call Chain = SystemInit
</UL>
<BR>[Address Reference Count : 1]<UL><LI> startup_ht32f5xxxx_01.o(RESET)
</UL>
<P><STRONG><a name="[39]"></a>__scatterload_copy</STRONG> (Thumb, 14 bytes, Stack size unknown bytes, handlers.o(i.__scatterload_copy), UNUSED)

<P><STRONG><a name="[3a]"></a>__scatterload_null</STRONG> (Thumb, 2 bytes, Stack size unknown bytes, handlers.o(i.__scatterload_null), UNUSED)

<P><STRONG><a name="[3b]"></a>__scatterload_zeroinit</STRONG> (Thumb, 14 bytes, Stack size unknown bytes, handlers.o(i.__scatterload_zeroinit), UNUSED)

<P><STRONG><a name="[26]"></a>main</STRONG> (Thumb, 4 bytes, Stack size 0 bytes, main.o(i.main))
<BR>[Address Reference Count : 1]<UL><LI> entry9a.o(.ARM.Collect$$$$0000000B)
</UL><P>
<H3>
Local Symbols
</H3>
<P><STRONG><a name="[23]"></a>BootProcess</STRONG> (Thumb, 44 bytes, Stack size 0 bytes, startup_ht32f5xxxx_01.o(RESET))
<BR>[Address Reference Count : 1]<UL><LI> startup_ht32f5xxxx_01.o(RESET)
</UL><P>
<H3>
Undefined Global Symbols
</H3><HR></body></html>
