<html>
<body>
<pre>
<h1>礦ision Build Log</h1>
<h2>Tool Versions:</h2>
IDE-Version: μVision V5.29.0.0
Copyright (C) 2019 ARM Ltd and ARM Germany GmbH. All rights reserved.
License Information: 1 11, 1, LIC=WHY9U-SWFDJ-UG87Q-NIF1K-NL02G-51C7H
 
Tool Versions:
Toolchain:       MDK-ARM Plus  Version: 5.29.0.0
Toolchain Path:  C:\Keil_v5\ARM\ARMCC\Bin
C Compiler:      Armcc.exe V5.06 update 6 (build 750)
Assembler:       Armasm.exe V5.06 update 6 (build 750)
Linker/Locator:  ArmLink.exe V5.06 update 6 (build 750)
Library Manager: ArmAr.exe V5.06 update 6 (build 750)
Hex Converter:   FromElf.exe V5.06 update 6 (build 750)
CPU DLL:         SARMCM3.DLL V5.29.0.0
Dialog DLL:      DARMCM1.DLL V1.19.2.0
Target DLL:      CMSIS_AGDI.dll V1.32.0.0
Dialog DLL:      TARMCM1.DLL V1.14.1.0
 
<h2>Project:</h2>
D:\HT32\ht32f52352\unlimited_bit-11050314-工程模板\工程模板\Project\Templete.uvprojx
Project File Date:  02/01/2020

<h2>Output:</h2>
*** Using Compiler 'V5.06 update 6 (build 750)', folder: 'C:\Keil_v5\ARM\ARMCC\Bin'
Rebuild target 'Target 1'
assembling startup_ht32f5xxxx_01.s...
assembling ht32_op.s...
compiling ht32f5xxxx_01_it.c...
compiling ht32_cm0plus_misc.c...
compiling main.c...
compiling system_ht32f5xxxx_01.c...
compiling ht32_usbd_core.c...
compiling ht32_retarget.c...
compiling ht32_serial.c...
compiling ht32f5xxxx_adc.c...
compiling ht32f5xxxx_bftm.c...
compiling ht32f5xxxx_cmp.c...
compiling ht32f5xxxx_crc.c...
compiling ht32f5xxxx_ckcu.c...
compiling ht32f5xxxx_ebi.c...
compiling ht32f5xxxx_exti.c...
compiling ht32f5xxxx_flash.c...
compiling ht32f5xxxx_i2c.c...
compiling ht32f5xxxx_i2s.c...
compiling ht32f5xxxx_gpio.c...
compiling ht32f5xxxx_pdma.c...
compiling ht32f5xxxx_mctm.c...
compiling ht32f5xxxx_pwrcu.c...
compiling ht32f5xxxx_rstcu.c...
compiling ht32f5xxxx_rtc.c...
compiling ht32f5xxxx_sci.c...
compiling ht32f5xxxx_spi.c...
compiling ht32f5xxxx_usart.c...
compiling ht32f5xxxx_tm.c...
compiling ht32f5xxxx_usbd.c...
compiling ht32f5xxxx_wdt.c...
compiling printf.c...
compiling i2c_eeprom.c...
compiling ht32_board.c...
compiling spi_flash.c...
compiling ebi_lcd.c...
linking...
Program Size: Code=632 RO-data=32 RW-data=4 ZI-data=516  
FromELF: creating hex file...
After Build - User command #1: fromelf --bin -o ..\Output\Project.axf.bin ..\Output\Project.axf
"..\Output\Project.axf" - 0 Error(s), 0 Warning(s).

<h2>Software Packages used:</h2>

Package Vendor: Holtek
                http://mcu.holtek.com.tw/pack/Holtek.HT32_DFP.1.0.24.pack
                Holtek.HT32_DFP.1.0.24
                Holtek HT32 Family Support

<h2>Collection of Component include folders:</h2>
  .\RTE\_Target_1
  C:\Users\HAO\AppData\Local\Arm\Packs\Holtek\HT32_DFP\1.0.24\ARM\INC\Holtek\HT32F5xxxx

<h2>Collection of Component Files used:</h2>
Build Time Elapsed:  00:00:05
</pre>
</body>
</html>
