Component: ARM Compiler 5.06 update 6 (build 750) Tool: armlink [4d35ed]

==============================================================================

Section Cross References

    ht32f5xxxx_01_it.o(i.HardFault_Handler) refers to ht32f5xxxx_01_it.o(.data) for .data
    system_ht32f5xxxx_01.o(i.SystemCoreClockUpdate) refers to system_ht32f5xxxx_01.o(.data) for .data
    startup_ht32f5xxxx_01.o(RESET) refers to startup_ht32f5xxxx_01.o(STACK) for __initial_sp
    startup_ht32f5xxxx_01.o(RESET) refers to ht32f5xxxx_01_it.o(i.NMI_Handler) for NMI_Handler
    startup_ht32f5xxxx_01.o(RESET) refers to ht32f5xxxx_01_it.o(i.HardFault_Handler) for HardFault_Handler
    startup_ht32f5xxxx_01.o(RESET) refers to ht32f5xxxx_01_it.o(i.SVC_Handler) for SVC_Handler
    startup_ht32f5xxxx_01.o(RESET) refers to ht32f5xxxx_01_it.o(i.PendSV_Handler) for PendSV_Handler
    startup_ht32f5xxxx_01.o(RESET) refers to ht32f5xxxx_01_it.o(i.SysTick_Handler) for SysTick_Handler
    startup_ht32f5xxxx_01.o(RESET) refers to system_ht32f5xxxx_01.o(i.SystemInit) for SystemInit
    startup_ht32f5xxxx_01.o(RESET) refers to entry.o(.ARM.Collect$$$$00000000) for __main
    ht32_usbd_core.o(i.USBDCore_GetStatus) refers to ht32_usbd_core.o(.data) for .data
    ht32_usbd_core.o(i.USBDCore_IRQHandler) refers to ht32f5xxxx_usbd.o(i.USBD_GetINT) for USBD_GetINT
    ht32_usbd_core.o(i.USBDCore_IRQHandler) refers to ht32f5xxxx_usbd.o(i.USBD_ClearINT) for USBD_ClearINT
    ht32_usbd_core.o(i.USBDCore_IRQHandler) refers to ht32f5xxxx_usbd.o(i.USBD_PowerOff) for USBD_PowerOff
    ht32_usbd_core.o(i.USBDCore_IRQHandler) refers to ht32f5xxxx_usbd.o(i.USBD_DeInit) for USBD_DeInit
    ht32_usbd_core.o(i.USBDCore_IRQHandler) refers to ht32f5xxxx_usbd.o(i.USBD_PowerOn) for USBD_PowerOn
    ht32_usbd_core.o(i.USBDCore_IRQHandler) refers to ht32f5xxxx_usbd.o(i.USBD_EPTInit) for USBD_EPTInit
    ht32_usbd_core.o(i.USBDCore_IRQHandler) refers to ht32f5xxxx_usbd.o(i.USBD_EnableINT) for USBD_EnableINT
    ht32_usbd_core.o(i.USBDCore_IRQHandler) refers to ht32f5xxxx_usbd.o(i.USBD_EPTGetINT) for USBD_EPTGetINT
    ht32_usbd_core.o(i.USBDCore_IRQHandler) refers to ht32f5xxxx_usbd.o(i.USBD_ReadSETUPData) for USBD_ReadSETUPData
    ht32_usbd_core.o(i.USBDCore_IRQHandler) refers to ht32_usbd_core.o(i._USBDCore_Setup) for _USBDCore_Setup
    ht32_usbd_core.o(i.USBDCore_IRQHandler) refers to ht32f5xxxx_usbd.o(i.USBD_EPTClearINT) for USBD_EPTClearINT
    ht32_usbd_core.o(i.USBDCore_IRQHandler) refers to ht32_usbd_core.o(i._USBDCore_ControlIN) for _USBDCore_ControlIN
    ht32_usbd_core.o(i.USBDCore_IRQHandler) refers to ht32f5xxxx_usbd.o(i.USBD_EPTReadOUTData) for USBD_EPTReadOUTData
    ht32_usbd_core.o(i.USBDCore_IRQHandler) refers to ht32f5xxxx_usbd.o(i.USBD_EPTWriteINData) for USBD_EPTWriteINData
    ht32_usbd_core.o(i.USBDCore_IRQHandler) refers to ht32f5xxxx_usbd.o(i.USBD_GetEPTnINTNumber) for USBD_GetEPTnINTNumber
    ht32_usbd_core.o(i.USBDCore_Init) refers to ht32f5xxxx_usbd.o(i.USBD_Init) for USBD_Init
    ht32_usbd_core.o(i.USBDCore_Init) refers to ht32_usbd_core.o(.data) for .data
    ht32_usbd_core.o(i.USBDCore_MainRoutine) refers to ht32f5xxxx_usbd.o(i.USBD_PowerUp) for USBD_PowerUp
    ht32_usbd_core.o(i.USBDCore_TriggerRemoteWakeup) refers to ht32f5xxxx_usbd.o(i.USBD_PowerOn) for USBD_PowerOn
    ht32_usbd_core.o(i.USBDCore_TriggerRemoteWakeup) refers to ht32f5xxxx_usbd.o(i.USBD_RemoteWakeup) for USBD_RemoteWakeup
    ht32_usbd_core.o(i._USBDCore_ControlIN) refers to ht32f5xxxx_usbd.o(i.USBD_EPTGetBufferLen) for USBD_EPTGetBufferLen
    ht32_usbd_core.o(i._USBDCore_ControlIN) refers to ht32f5xxxx_usbd.o(i.USBD_EPTWriteINData) for USBD_EPTWriteINData
    ht32_usbd_core.o(i._USBDCore_Setup) refers to ht32_usbd_core.o(i._USBDCore_Standard_Request) for _USBDCore_Standard_Request
    ht32_usbd_core.o(i._USBDCore_Setup) refers to ht32f5xxxx_usbd.o(i.USBD_EPTSendSTALL) for USBD_EPTSendSTALL
    ht32_usbd_core.o(i._USBDCore_Setup) refers to ht32_usbd_core.o(i._USBDCore_ControlIN) for _USBDCore_ControlIN
    ht32_usbd_core.o(i._USBDCore_Setup) refers to ht32f5xxxx_usbd.o(i.USBD_EPTWriteINData) for USBD_EPTWriteINData
    ht32_usbd_core.o(i._USBDCore_Standard_GetStatus) refers to ht32f5xxxx_usbd.o(i.USBD_EPTGetHalt) for USBD_EPTGetHalt
    ht32_usbd_core.o(i._USBDCore_Standard_Request) refers to ht32_usbd_core.o(i._USBDCore_Standard_GetStatus) for _USBDCore_Standard_GetStatus
    ht32_usbd_core.o(i._USBDCore_Standard_Request) refers to ht32_usbd_core.o(i._USBDCore_Standard_SetClearFeature) for _USBDCore_Standard_SetClearFeature
    ht32_usbd_core.o(i._USBDCore_Standard_Request) refers to ht32f5xxxx_usbd.o(i.USBD_SetAddress) for USBD_SetAddress
    ht32_usbd_core.o(i._USBDCore_Standard_Request) refers to ht32f5xxxx_usbd.o(i.USBD_EPTInit) for USBD_EPTInit
    ht32_usbd_core.o(i._USBDCore_Standard_SetClearFeature) refers to ht32f5xxxx_usbd.o(i.USBD_EPTSetHalt) for USBD_EPTSetHalt
[...]
    ht32_retarget.o(i.RETARGET_Configuration) refers to ht32_board.o(i.HT32F_DVB_COMInit) for HT32F_DVB_COMInit
    ht32_retarget.o(i._ttywrch) refers to ht32_serial.o(i.SERIAL_PutChar) for SERIAL_PutChar
    ht32_retarget.o(i.fgetc) refers to ht32_serial.o(i.SERIAL_GetChar) for SERIAL_GetChar
    ht32_retarget.o(i.fputc) refers to ht32_serial.o(i.SERIAL_PutChar) for SERIAL_PutChar
    ht32_serial.o(i.SERIAL_GetChar) refers to ht32f5xxxx_usart.o(i.USART_GetFlagStatus) for USART_GetFlagStatus
    ht32_serial.o(i.SERIAL_GetChar) refers to ht32f5xxxx_usart.o(i.USART_ReceiveData) for USART_ReceiveData
    ht32f5xxxx_adc.o(i.ADC_DeInit) refers to ht32f5xxxx_rstcu.o(i.RSTCU_PeripReset) for RSTCU_PeripReset
    ht32f5xxxx_bftm.o(i.BFTM_DeInit) refers to ht32f5xxxx_rstcu.o(i.RSTCU_PeripReset) for RSTCU_PeripReset
    ht32f5xxxx_ckcu.o(i.CKCU_DeInit) refers to ht32f5xxxx_ckcu.o(i.CKCU_HSICmd) for CKCU_HSICmd
    ht32f5xxxx_ckcu.o(i.CKCU_DeInit) refers to ht32f5xxxx_ckcu.o(i.CKCU_GetClockReadyStatus) for CKCU_GetClockReadyStatus
    ht32f5xxxx_ckcu.o(i.CKCU_DeInit) refers to ht32f5xxxx_ckcu.o(i.CKCU_SysClockConfig) for CKCU_SysClockConfig
    ht32f5xxxx_ckcu.o(i.CKCU_GetClocksFrequency) refers to ht32f5xxxx_ckcu.o(i.CKCU_GetPLLFrequency) for CKCU_GetPLLFrequency
    ht32f5xxxx_ckcu.o(i.CKCU_GetClocksFrequency) refers to ht32f5xxxx_ckcu.o(i.__ARM_common_switch8) for __ARM_common_switch8
    ht32f5xxxx_ckcu.o(i.CKCU_GetClocksFrequency) refers to uidiv.o(.text) for __aeabi_uidivmod
    ht32f5xxxx_ckcu.o(i.CKCU_GetPeripFrequency) refers to ht32f5xxxx_ckcu.o(i.CKCU_GetClocksFrequency) for CKCU_GetClocksFrequency
    ht32f5xxxx_ckcu.o(i.CKCU_HSIAutoTrimIsReady) refers to system_ht32f5xxxx_01.o(i.SystemCoreClockUpdate) for SystemCoreClockUpdate
    ht32f5xxxx_ckcu.o(i.CKCU_HSIAutoTrimIsReady) refers to uidiv.o(.text) for __aeabi_uidivmod
    ht32f5xxxx_ckcu.o(i.CKCU_HSIAutoTrimIsReady) refers to system_ht32f5xxxx_01.o(.data) for SystemCoreClock
    ht32f5xxxx_ckcu.o(i.CKCU_SysClockConfig) refers to ht32f5xxxx_ckcu.o(i.CKCU_GetSysClockSource) for CKCU_GetSysClockSource
    ht32f5xxxx_ckcu.o(i.CKCU_WaitHSEReady) refers to ht32f5xxxx_ckcu.o(i.CKCU_GetClockReadyStatus) for CKCU_GetClockReadyStatus
    ht32f5xxxx_cmp.o(i.CMP_DeInit) refers to ht32f5xxxx_rstcu.o(i.RSTCU_PeripReset) for RSTCU_PeripReset
    ht32f5xxxx_crc.o(i.CRC_DeInit) refers to ht32f5xxxx_rstcu.o(i.RSTCU_PeripReset) for RSTCU_PeripReset
    ht32f5xxxx_ebi.o(i.EBI_DeInit) refers to ht32f5xxxx_rstcu.o(i.RSTCU_PeripReset) for RSTCU_PeripReset
    ht32f5xxxx_flash.o(i.FLASH_EraseOptionByte) refers to ht32f5xxxx_flash.o(i.FLASH_ErasePage) for FLASH_ErasePage
    ht32f5xxxx_flash.o(i.FLASH_ErasePage) refers to ht32f5xxxx_flash.o(i.FLASH_WaitForOperationEnd) for FLASH_WaitForOperationEnd
    ht32f5xxxx_flash.o(i.FLASH_MassErase) refers to ht32f5xxxx_flash.o(i.FLASH_WaitForOperationEnd) for FLASH_WaitForOperationEnd
    ht32f5xxxx_flash.o(i.FLASH_ProgramOptionByte) refers to ht32f5xxxx_flash.o(i.FLASH_ProgramWordData) for FLASH_ProgramWordData
    ht32f5xxxx_flash.o(i.FLASH_ProgramWordData) refers to ht32f5xxxx_flash.o(i.FLASH_WaitForOperationEnd) for FLASH_WaitForOperationEnd
    ht32f5xxxx_gpio.o(i.AFIO_DeInit) refers to ht32f5xxxx_rstcu.o(i.RSTCU_PeripReset) for RSTCU_PeripReset
    ht32f5xxxx_gpio.o(i.GPIO_DeInit) refers to ht32f5xxxx_rstcu.o(i.RSTCU_PeripReset) for RSTCU_PeripReset
    ht32f5xxxx_gpio.o(i.GPIO_DisableDebugPort) refers to ht32f5xxxx_ckcu.o(i.CKCU_PeripClockConfig) for CKCU_PeripClockConfig
    ht32f5xxxx_gpio.o(i.GPIO_DisableDebugPort) refers to ht32f5xxxx_gpio.o(i.AFIO_GPxConfig) for AFIO_GPxConfig
    ht32f5xxxx_gpio.o(i.GPIO_DisableDebugPort) refers to ht32f5xxxx_gpio.o(i.GPIO_PullResistorConfig) for GPIO_PullResistorConfig
    ht32f5xxxx_gpio.o(i.GPIO_DisableDebugPort) refers to ht32f5xxxx_gpio.o(i.GPIO_InputConfig) for GPIO_InputConfig
    ht32f5xxxx_i2c.o(i.I2C_DeInit) refers to ht32f5xxxx_rstcu.o(i.RSTCU_PeripReset) for RSTCU_PeripReset
    ht32f5xxxx_i2c.o(i.I2C_Init) refers to ht32f5xxxx_i2c.o(i.I2C_Cmd) for I2C_Cmd
    ht32f5xxxx_i2c.o(i.I2C_Init) refers to ht32f5xxxx_ckcu.o(i.CKCU_GetPeripFrequency) for CKCU_GetPeripFrequency
    ht32f5xxxx_i2c.o(i.I2C_Init) refers to uidiv.o(.text) for __aeabi_uidivmod
    ht32f5xxxx_i2s.o(i.I2S_DeInit) refers to ht32f5xxxx_rstcu.o(i.RSTCU_PeripReset) for RSTCU_PeripReset
    ht32f5xxxx_i2s.o(i.I2S_Init) refers to ht32f5xxxx_i2s.o(i.I2S_GetFlagStatus) for I2S_GetFlagStatus
    ht32f5xxxx_pwrcu.o(i.PWRCU_PowerDown) refers to ht32f5xxxx_pwrcu.o(.data) for .data
    ht32f5xxxx_sci.o(i.SCI_DeInit) refers to ht32f5xxxx_rstcu.o(i.RSTCU_PeripReset) for RSTCU_PeripReset
    ht32f5xxxx_spi.o(i.SPI_DeInit) refers to ht32f5xxxx_rstcu.o(i.RSTCU_PeripReset) for RSTCU_PeripReset
    ht32f5xxxx_tm.o(i.TM_CaptureInit) refers to ht32f5xxxx_tm.o(i.tm_CHx_Config) for tm_CHx_Config
    ht32f5xxxx_tm.o(i.TM_CaptureInit) refers to ht32f5xxxx_tm.o(i.TM_CHPSCConfig) for TM_CHPSCConfig
    ht32f5xxxx_tm.o(i.TM_ChExternalClockConfig) refers to ht32f5xxxx_tm.o(i.tm_CHx_Config) for tm_CHx_Config
    ht32f5xxxx_tm.o(i.TM_ChExternalClockConfig) refers to ht32f5xxxx_tm.o(i.TM_StiConfig) for TM_StiConfig
    ht32f5xxxx_tm.o(i.TM_DeInit) refers to ht32f5xxxx_rstcu.o(i.RSTCU_PeripReset) for RSTCU_PeripReset
    ht32f5xxxx_tm.o(i.TM_EtiExternalClockConfig) refers to ht32f5xxxx_tm.o(i.TM_EtiConfig) for TM_EtiConfig
    ht32f5xxxx_tm.o(i.TM_ItiExternalClockConfig) refers to ht32f5xxxx_tm.o(i.TM_StiConfig) for TM_StiConfig
    ht32f5xxxx_tm.o(i.TM_PwmInputInit) refers to ht32f5xxxx_tm.o(i.tm_CHx_Config) for tm_CHx_Config
    ht32f5xxxx_tm.o(i.TM_PwmInputInit) refers to ht32f5xxxx_tm.o(i.TM_CHPSCConfig) for TM_CHPSCConfig
    ht32f5xxxx_usart.o(i.USART_DeInit) refers to ht32f5xxxx_rstcu.o(i.RSTCU_PeripReset) for RSTCU_PeripReset
    ht32f5xxxx_usart.o(i.USART_Init) refers to ht32f5xxxx_ckcu.o(i.CKCU_GetPeripFrequency) for CKCU_GetPeripFrequency
    ht32f5xxxx_usart.o(i.USART_Init) refers to uidiv.o(.text) for __aeabi_uidivmod
    ht32f5xxxx_usbd.o(i.USBD_DeInit) refers to ht32f5xxxx_rstcu.o(i.RSTCU_PeripReset) for RSTCU_PeripReset
    ht32f5xxxx_usbd.o(i.USBD_EPTClearDTG) refers to ht32f5xxxx_usbd.o(i._USBD_GetEPTnAddr) for _USBD_GetEPTnAddr
    ht32f5xxxx_usbd.o(i.USBD_EPTClearHalt) refers to ht32f5xxxx_usbd.o(i._USBD_GetEPTnAddr) for _USBD_GetEPTnAddr
    ht32f5xxxx_usbd.o(i.USBD_EPTClearINT) refers to ht32f5xxxx_usbd.o(i._USBD_GetEPTnAddr) for _USBD_GetEPTnAddr
    ht32f5xxxx_usbd.o(i.USBD_EPTEnableINT) refers to ht32f5xxxx_usbd.o(i._USBD_GetEPTnAddr) for _USBD_GetEPTnAddr
    ht32f5xxxx_usbd.o(i.USBD_EPTGetBuffer0Addr) refers to ht32f5xxxx_usbd.o(i._USBD_GetEPTnAddr) for _USBD_GetEPTnAddr
    ht32f5xxxx_usbd.o(i.USBD_EPTGetBuffer1Addr) refers to ht32f5xxxx_usbd.o(i._USBD_GetEPTnAddr) for _USBD_GetEPTnAddr
    ht32f5xxxx_usbd.o(i.USBD_EPTGetBuffer1Addr) refers to ht32f5xxxx_usbd.o(i.USBD_EPTGetBufferLen) for USBD_EPTGetBufferLen
    ht32f5xxxx_usbd.o(i.USBD_EPTGetBufferLen) refers to ht32f5xxxx_usbd.o(i._USBD_GetEPTnAddr) for _USBD_GetEPTnAddr
    ht32f5xxxx_usbd.o(i.USBD_EPTGetHalt) refers to ht32f5xxxx_usbd.o(i._USBD_GetEPTnAddr) for _USBD_GetEPTnAddr
    ht32f5xxxx_usbd.o(i.USBD_EPTGetINT) refers to ht32f5xxxx_usbd.o(i._USBD_GetEPTnAddr) for _USBD_GetEPTnAddr
    ht32f5xxxx_usbd.o(i.USBD_EPTGetTransferCount) refers to ht32f5xxxx_usbd.o(i._USBD_GetEPTnAddr) for _USBD_GetEPTnAddr
    ht32f5xxxx_usbd.o(i.USBD_EPTInit) refers to ht32f5xxxx_usbd.o(i._USBD_GetEPTnAddr) for _USBD_GetEPTnAddr
    ht32f5xxxx_usbd.o(i.USBD_EPTInit) refers to ht32f5xxxx_usbd.o(i.USBD_EPTReset) for USBD_EPTReset
    ht32f5xxxx_usbd.o(i.USBD_EPTReadMemory) refers to ht32f5xxxx_usbd.o(i.USBD_EPTGetTransferCount) for USBD_EPTGetTransferCount
    ht32f5xxxx_usbd.o(i.USBD_EPTReadMemory) refers to ht32f5xxxx_usbd.o(i.USBD_EPTGetBuffer0Addr) for USBD_EPTGetBuffer0Addr
    ht32f5xxxx_usbd.o(i.USBD_EPTReadMemory) refers to ht32f5xxxx_usbd.o(i._USBD_CopyMemory) for _USBD_CopyMemory
    ht32f5xxxx_usbd.o(i.USBD_EPTReadMemory) refers to ht32f5xxxx_usbd.o(i.USBD_EPTGetBuffer1Addr) for USBD_EPTGetBuffer1Addr
    ht32f5xxxx_usbd.o(i.USBD_EPTReadOUTData) refers to ht32f5xxxx_usbd.o(i._USBD_GetEPTnAddr) for _USBD_GetEPTnAddr
    ht32f5xxxx_usbd.o(i.USBD_EPTReadOUTData) refers to ht32f5xxxx_usbd.o(i.USBD_EPTReadMemory) for USBD_EPTReadMemory
    ht32f5xxxx_usbd.o(i.USBD_EPTReset) refers to ht32f5xxxx_usbd.o(i._USBD_GetEPTnAddr) for _USBD_GetEPTnAddr
    ht32f5xxxx_usbd.o(i.USBD_EPTSendSTALL) refers to ht32f5xxxx_usbd.o(i._USBD_GetEPTnAddr) for _USBD_GetEPTnAddr
    ht32f5xxxx_usbd.o(i.USBD_EPTSetHalt) refers to ht32f5xxxx_usbd.o(i._USBD_GetEPTnAddr) for _USBD_GetEPTnAddr
    ht32f5xxxx_usbd.o(i.USBD_EPTWaitSTALLSent) refers to ht32f5xxxx_usbd.o(i._USBD_GetEPTnAddr) for _USBD_GetEPTnAddr
    ht32f5xxxx_usbd.o(i.USBD_EPTWriteINData) refers to ht32f5xxxx_usbd.o(i.USBD_EPTGetBufferLen) for USBD_EPTGetBufferLen
    ht32f5xxxx_usbd.o(i.USBD_EPTWriteINData) refers to ht32f5xxxx_usbd.o(i._USBD_GetEPTnAddr) for _USBD_GetEPTnAddr
    ht32f5xxxx_usbd.o(i.USBD_EPTWriteINData) refers to ht32f5xxxx_usbd.o(i.USBD_EPTGetTransferCount) for USBD_EPTGetTransferCount
    ht32f5xxxx_usbd.o(i.USBD_EPTWriteINData) refers to ht32f5xxxx_usbd.o(i.USBD_EPTGetBuffer0Addr) for USBD_EPTGetBuffer0Addr
    ht32f5xxxx_usbd.o(i.USBD_EPTWriteINData) refers to ht32f5xxxx_usbd.o(i._USBD_CopyMemory) for _USBD_CopyMemory
    ht32f5xxxx_usbd.o(i.USBD_Init) refers to ht32f5xxxx_usbd.o(i.USBD_PreInit) for USBD_PreInit
    ht32f5xxxx_usbd.o(i.USBD_PowerUp) refers to ht32f5xxxx_usbd.o(i.USBD_EnableINT) for USBD_EnableINT
    ht32f5xxxx_usbd.o(i.USBD_PowerUp) refers to ht32f5xxxx_usbd.o(i.USBD_DPWakeUpCmd) for USBD_DPWakeUpCmd
    ht32f5xxxx_usbd.o(i.USBD_PowerUp) refers to ht32f5xxxx_usbd.o(i.USBD_DPpullupCmd) for USBD_DPpullupCmd
    ht32f5xxxx_usbd.o(i.USBD_PowerUp) refers to ht32f5xxxx_usbd.o(.data) for .data
    ht32f5xxxx_wdt.o(i.WDT_DeInit) refers to ht32f5xxxx_rstcu.o(i.RSTCU_PeripReset) for RSTCU_PeripReset
    printf.o(i.FormatItem) refers to ht32_retarget.o(i.fputc) for fputc
    printf.o(i.FormatItem) refers to printf.o(i.PutRepChar) for PutRepChar
    printf.o(i.FormatItem) refers to printf.o(i.PutString) for PutString
    printf.o(i.FormatItem) refers to printf.o(i.PutNumber) for PutNumber
    printf.o(i.PutNumber) refers to uidiv.o(.text) for __aeabi_uidivmod
    printf.o(i.PutNumber) refers to printf.o(i.PutStringReverse) for PutStringReverse
    printf.o(i.PutNumber) refers to printf.o(i.PutRepChar) for PutRepChar
    printf.o(i.PutRepChar) refers to ht32_retarget.o(i.fputc) for fputc
    printf.o(i.PutString) refers to ht32_retarget.o(i.fputc) for fputc
    printf.o(i.PutStringReverse) refers to ht32_retarget.o(i.fputc) for fputc
    printf.o(i.printf) refers to ht32_retarget.o(i.fputc) for fputc
    printf.o(i.printf) refers to printf.o(i.FormatItem) for FormatItem
    printf.o(i.puts) refers to printf.o(i.PutString) for PutString
    printf.o(i.puts) refers to ht32_retarget.o(i.fputc) for fputc
    ht32_board.o(i.HT32F_DVB_BuzzerFun) refers to ht32f5xxxx_ckcu.o(i.CKCU_GetClocksFrequency) for CKCU_GetClocksFrequency
    ht32_board.o(i.HT32F_DVB_BuzzerFun) refers to uidiv.o(.text) for __aeabi_uidivmod
    ht32_board.o(i.HT32F_DVB_BuzzerFun) refers to ht32f5xxxx_tm.o(i.TM_UpdateCmd) for TM_UpdateCmd
    ht32_board.o(i.HT32F_DVB_BuzzerFun) refers to ht32f5xxxx_tm.o(i.TM_DeInit) for TM_DeInit
    ht32_board.o(i.HT32F_DVB_BuzzerFun) refers to ht32f5xxxx_ckcu.o(i.CKCU_PeripClockConfig) for CKCU_PeripClockConfig
    ht32_board.o(i.HT32F_DVB_BuzzerFun) refers to ht32f5xxxx_gpio.o(i.AFIO_GPxConfig) for AFIO_GPxConfig
    ht32_board.o(i.HT32F_DVB_BuzzerFun) refers to ht32f5xxxx_gpio.o(i.GPIO_DriveConfig) for GPIO_DriveConfig
    ht32_board.o(i.HT32F_DVB_BuzzerFun) refers to ht32f5xxxx_tm.o(i.TM_TimeBaseStructInit) for TM_TimeBaseStructInit
    ht32_board.o(i.HT32F_DVB_BuzzerFun) refers to ht32f5xxxx_tm.o(i.TM_TimeBaseInit) for TM_TimeBaseInit
    ht32_board.o(i.HT32F_DVB_BuzzerFun) refers to ht32f5xxxx_tm.o(i.TM_ClearFlag) for TM_ClearFlag
    ht32_board.o(i.HT32F_DVB_BuzzerFun) refers to ht32f5xxxx_tm.o(i.TM_OutputStructInit) for TM_OutputStructInit
    ht32_board.o(i.HT32F_DVB_BuzzerFun) refers to ht32f5xxxx_tm.o(i.TM_OutputInit) for TM_OutputInit
    ht32_board.o(i.HT32F_DVB_BuzzerFun) refers to ht32f5xxxx_tm.o(i.TM_CHCCRPreloadConfig) for TM_CHCCRPreloadConfig
    ht32_board.o(i.HT32F_DVB_BuzzerFun) refers to ht32f5xxxx_tm.o(i.TM_CRRPreloadCmd) for TM_CRRPreloadCmd
    ht32_board.o(i.HT32F_DVB_BuzzerFun) refers to ht32f5xxxx_mctm.o(i.MCTM_CHMOECmd) for MCTM_CHMOECmd
    ht32_board.o(i.HT32F_DVB_BuzzerFun) refers to ht32f5xxxx_tm.o(i.TM_Cmd) for TM_Cmd
    ht32_board.o(i.HT32F_DVB_BuzzerOutputCmd) refers to ht32f5xxxx_tm.o(i.TM_ChannelConfig) for TM_ChannelConfig
    ht32_board.o(i.HT32F_DVB_COMInit) refers to ht32f5xxxx_ckcu.o(i.CKCU_PeripClockConfig) for CKCU_PeripClockConfig
    ht32_board.o(i.HT32F_DVB_COMInit) refers to ht32f5xxxx_gpio.o(i.AFIO_GPxConfig) for AFIO_GPxConfig
    ht32_board.o(i.HT32F_DVB_COMInit) refers to ht32f5xxxx_usart.o(i.USART_Init) for USART_Init
    ht32_board.o(i.HT32F_DVB_COMInit) refers to ht32f5xxxx_usart.o(i.USART_TxRxCmd) for USART_TxRxCmd
    ht32_board.o(i.HT32F_DVB_COMInit) refers to ht32_board.o(.constdata) for .constdata
    ht32_board.o(i.HT32F_DVB_LEDInit) refers to ht32_board.o(i._HT32F_DVB_ClockConfig) for _HT32F_DVB_ClockConfig
    ht32_board.o(i.HT32F_DVB_LEDInit) refers to ht32f5xxxx_gpio.o(i.AFIO_GPxConfig) for AFIO_GPxConfig
    ht32_board.o(i.HT32F_DVB_LEDInit) refers to ht32_board.o(i.HT32F_DVB_LEDOff) for HT32F_DVB_LEDOff
    ht32_board.o(i.HT32F_DVB_LEDInit) refers to ht32f5xxxx_gpio.o(i.GPIO_PullResistorConfig) for GPIO_PullResistorConfig
    ht32_board.o(i.HT32F_DVB_LEDInit) refers to ht32f5xxxx_gpio.o(i.GPIO_DriveConfig) for GPIO_DriveConfig
    ht32_board.o(i.HT32F_DVB_LEDInit) refers to ht32f5xxxx_gpio.o(i.GPIO_DirectionConfig) for GPIO_DirectionConfig
    ht32_board.o(i.HT32F_DVB_LEDInit) refers to ht32_board.o(.constdata) for .constdata
    ht32_board.o(i.HT32F_DVB_LEDOff) refers to ht32_board.o(.constdata) for .constdata
    ht32_board.o(i.HT32F_DVB_LEDOn) refers to ht32_board.o(.constdata) for .constdata
    ht32_board.o(i.HT32F_DVB_LEDToggle) refers to ht32_board.o(.constdata) for .constdata
    ht32_board.o(i.HT32F_DVB_PBGetState) refers to ht32f5xxxx_gpio.o(i.GPIO_ReadInBit) for GPIO_ReadInBit
    ht32_board.o(i.HT32F_DVB_PBGetState) refers to ht32_board.o(.constdata) for .constdata
    ht32_board.o(i.HT32F_DVB_PBInit) refers to ht32_board.o(i._HT32F_DVB_ClockConfig) for _HT32F_DVB_ClockConfig
    ht32_board.o(i.HT32F_DVB_PBInit) refers to ht32f5xxxx_gpio.o(i.AFIO_GPxConfig) for AFIO_GPxConfig
    ht32_board.o(i.HT32F_DVB_PBInit) refers to ht32f5xxxx_gpio.o(i.GPIO_PullResistorConfig) for GPIO_PullResistorConfig
    ht32_board.o(i.HT32F_DVB_PBInit) refers to ht32f5xxxx_gpio.o(i.GPIO_DirectionConfig) for GPIO_DirectionConfig
    ht32_board.o(i.HT32F_DVB_PBInit) refers to ht32f5xxxx_gpio.o(i.GPIO_InputConfig) for GPIO_InputConfig
    ht32_board.o(i.HT32F_DVB_PBInit) refers to ht32f5xxxx_ckcu.o(i.CKCU_PeripClockConfig) for CKCU_PeripClockConfig
    ht32_board.o(i.HT32F_DVB_PBInit) refers to ht32f5xxxx_gpio.o(i.AFIO_EXTISourceConfig) for AFIO_EXTISourceConfig
    ht32_board.o(i.HT32F_DVB_PBInit) refers to ht32f5xxxx_exti.o(i.EXTI_Init) for EXTI_Init
    ht32_board.o(i.HT32F_DVB_PBInit) refers to ht32f5xxxx_exti.o(i.EXTI_IntConfig) for EXTI_IntConfig
    ht32_board.o(i.HT32F_DVB_PBInit) refers to ht32_board.o(.constdata) for .constdata
    ht32_board.o(i._HT32F_DVB_ClockConfig) refers to ht32f5xxxx_ckcu.o(i.CKCU_PeripClockConfig) for CKCU_PeripClockConfig
    i2c_eeprom.o(i.I2C_EEPROM_BufferRead) refers to i2c_eeprom.o(i._I2C_EEPROM_AckPolling) for _I2C_EEPROM_AckPolling
    i2c_eeprom.o(i.I2C_EEPROM_BufferRead) refers to ht32f5xxxx_i2c.o(i.I2C_CheckStatus) for I2C_CheckStatus
    i2c_eeprom.o(i.I2C_EEPROM_BufferRead) refers to ht32f5xxxx_i2c.o(i.I2C_SendData) for I2C_SendData
    i2c_eeprom.o(i.I2C_EEPROM_BufferRead) refers to ht32f5xxxx_i2c.o(i.I2C_TargetAddressConfig) for I2C_TargetAddressConfig
    i2c_eeprom.o(i.I2C_EEPROM_BufferRead) refers to ht32f5xxxx_i2c.o(i.I2C_AckCmd) for I2C_AckCmd
    i2c_eeprom.o(i.I2C_EEPROM_BufferRead) refers to ht32f5xxxx_i2c.o(i.I2C_ReceiveData) for I2C_ReceiveData
    i2c_eeprom.o(i.I2C_EEPROM_BufferRead) refers to ht32f5xxxx_i2c.o(i.I2C_GenerateSTOP) for I2C_GenerateSTOP
    i2c_eeprom.o(i.I2C_EEPROM_BufferWrite) refers to i2c_eeprom.o(i.I2C_EEPROM_PageWrite) for I2C_EEPROM_PageWrite
    i2c_eeprom.o(i.I2C_EEPROM_Init) refers to ht32f5xxxx_ckcu.o(i.CKCU_PeripClockConfig) for CKCU_PeripClockConfig
    i2c_eeprom.o(i.I2C_EEPROM_Init) refers to ht32f5xxxx_gpio.o(i.AFIO_GPxConfig) for AFIO_GPxConfig
    i2c_eeprom.o(i.I2C_EEPROM_Init) refers to ht32f5xxxx_i2c.o(i.I2C_Init) for I2C_Init
    i2c_eeprom.o(i.I2C_EEPROM_PageWrite) refers to i2c_eeprom.o(i._I2C_EEPROM_AckPolling) for _I2C_EEPROM_AckPolling
    i2c_eeprom.o(i.I2C_EEPROM_PageWrite) refers to ht32f5xxxx_i2c.o(i.I2C_CheckStatus) for I2C_CheckStatus
    i2c_eeprom.o(i.I2C_EEPROM_PageWrite) refers to ht32f5xxxx_i2c.o(i.I2C_SendData) for I2C_SendData
    i2c_eeprom.o(i.I2C_EEPROM_PageWrite) refers to ht32f5xxxx_i2c.o(i.I2C_GenerateSTOP) for I2C_GenerateSTOP
    i2c_eeprom.o(i._I2C_EEPROM_AckPolling) refers to ht32f5xxxx_i2c.o(i.I2C_GetFlagStatus) for I2C_GetFlagStatus
    i2c_eeprom.o(i._I2C_EEPROM_AckPolling) refers to ht32f5xxxx_i2c.o(i.I2C_TargetAddressConfig) for I2C_TargetAddressConfig
    i2c_eeprom.o(i._I2C_EEPROM_AckPolling) refers to ht32f5xxxx_i2c.o(i.I2C_ClearFlag) for I2C_ClearFlag
    spi_flash.o(i.SPI_FLASH_BlockErase) refers to spi_flash.o(i.SPI_FLASH_WriteEnable) for SPI_FLASH_WriteEnable
    spi_flash.o(i.SPI_FLASH_BlockErase) refers to ht32f5xxxx_gpio.o(i.GPIO_ClearOutBits) for GPIO_ClearOutBits
    spi_flash.o(i.SPI_FLASH_BlockErase) refers to spi_flash.o(i.SPI_FLASH_SendByte) for SPI_FLASH_SendByte
    spi_flash.o(i.SPI_FLASH_BlockErase) refers to ht32f5xxxx_gpio.o(i.GPIO_SetOutBits) for GPIO_SetOutBits
    spi_flash.o(i.SPI_FLASH_BlockErase) refers to spi_flash.o(i.SPI_FLASH_WaitForWriteEnd) for SPI_FLASH_WaitForWriteEnd
    spi_flash.o(i.SPI_FLASH_BlockErase) refers to ht32_board.o(.constdata) for GPIO_PORT
    spi_flash.o(i.SPI_FLASH_BufferDualRead) refers to ht32f5xxxx_gpio.o(i.GPIO_ClearOutBits) for GPIO_ClearOutBits
    spi_flash.o(i.SPI_FLASH_BufferDualRead) refers to spi_flash.o(i.SPI_FLASH_SendByte) for SPI_FLASH_SendByte
    spi_flash.o(i.SPI_FLASH_BufferDualRead) refers to ht32f5xxxx_spi.o(i.SPI_DUALCmd) for SPI_DUALCmd
    spi_flash.o(i.SPI_FLASH_BufferDualRead) refers to ht32f5xxxx_gpio.o(i.GPIO_SetOutBits) for GPIO_SetOutBits
    spi_flash.o(i.SPI_FLASH_BufferDualRead) refers to ht32_board.o(.constdata) for GPIO_PORT
    spi_flash.o(i.SPI_FLASH_BufferDualReadByDMA) refers to ht32f5xxxx_ckcu.o(i.CKCU_PeripClockConfig) for CKCU_PeripClockConfig
    spi_flash.o(i.SPI_FLASH_BufferDualReadByDMA) refers to ht32f5xxxx_gpio.o(i.GPIO_ClearOutBits) for GPIO_ClearOutBits
    spi_flash.o(i.SPI_FLASH_BufferDualReadByDMA) refers to spi_flash.o(i.SPI_FLASH_SendByte) for SPI_FLASH_SendByte
    spi_flash.o(i.SPI_FLASH_BufferDualReadByDMA) refers to ht32f5xxxx_spi.o(i.SPI_DUALCmd) for SPI_DUALCmd
    spi_flash.o(i.SPI_FLASH_BufferDualReadByDMA) refers to ht32f5xxxx_pdma.o(i.PDMA_Config) for PDMA_Config
    spi_flash.o(i.SPI_FLASH_BufferDualReadByDMA) refers to ht32f5xxxx_pdma.o(i.PDMA_EnaCmd) for PDMA_EnaCmd
    spi_flash.o(i.SPI_FLASH_BufferDualReadByDMA) refers to ht32f5xxxx_spi.o(i.SPI_PDMACmd) for SPI_PDMACmd
    spi_flash.o(i.SPI_FLASH_BufferDualReadByDMA) refers to ht32f5xxxx_gpio.o(i.GPIO_SetOutBits) for GPIO_SetOutBits
    spi_flash.o(i.SPI_FLASH_BufferDualReadByDMA) refers to ht32_board.o(.constdata) for GPIO_PORT
    spi_flash.o(i.SPI_FLASH_BufferRead) refers to ht32f5xxxx_gpio.o(i.GPIO_ClearOutBits) for GPIO_ClearOutBits
    spi_flash.o(i.SPI_FLASH_BufferRead) refers to spi_flash.o(i.SPI_FLASH_SendByte) for SPI_FLASH_SendByte
    spi_flash.o(i.SPI_FLASH_BufferRead) refers to ht32f5xxxx_gpio.o(i.GPIO_SetOutBits) for GPIO_SetOutBits
    spi_flash.o(i.SPI_FLASH_BufferRead) refers to ht32_board.o(.constdata) for GPIO_PORT
    spi_flash.o(i.SPI_FLASH_BufferReadByDMA) refers to ht32f5xxxx_ckcu.o(i.CKCU_PeripClockConfig) for CKCU_PeripClockConfig
    spi_flash.o(i.SPI_FLASH_BufferReadByDMA) refers to ht32f5xxxx_gpio.o(i.GPIO_ClearOutBits) for GPIO_ClearOutBits
    spi_flash.o(i.SPI_FLASH_BufferReadByDMA) refers to spi_flash.o(i.SPI_FLASH_SendByte) for SPI_FLASH_SendByte
    spi_flash.o(i.SPI_FLASH_BufferReadByDMA) refers to ht32f5xxxx_pdma.o(i.PDMA_Config) for PDMA_Config
    spi_flash.o(i.SPI_FLASH_BufferReadByDMA) refers to ht32f5xxxx_pdma.o(i.PDMA_EnaCmd) for PDMA_EnaCmd
    spi_flash.o(i.SPI_FLASH_BufferReadByDMA) refers to ht32f5xxxx_spi.o(i.SPI_PDMACmd) for SPI_PDMACmd
    spi_flash.o(i.SPI_FLASH_BufferReadByDMA) refers to ht32f5xxxx_gpio.o(i.GPIO_SetOutBits) for GPIO_SetOutBits
    spi_flash.o(i.SPI_FLASH_BufferReadByDMA) refers to ht32_board.o(.constdata) for GPIO_PORT
    spi_flash.o(i.SPI_FLASH_ChipErase) refers to spi_flash.o(i.SPI_FLASH_WriteEnable) for SPI_FLASH_WriteEnable
    spi_flash.o(i.SPI_FLASH_ChipErase) refers to ht32f5xxxx_gpio.o(i.GPIO_ClearOutBits) for GPIO_ClearOutBits
    spi_flash.o(i.SPI_FLASH_ChipErase) refers to spi_flash.o(i.SPI_FLASH_SendByte) for SPI_FLASH_SendByte
    spi_flash.o(i.SPI_FLASH_ChipErase) refers to ht32f5xxxx_gpio.o(i.GPIO_SetOutBits) for GPIO_SetOutBits
    spi_flash.o(i.SPI_FLASH_ChipErase) refers to spi_flash.o(i.SPI_FLASH_WaitForWriteEnd) for SPI_FLASH_WaitForWriteEnd
    spi_flash.o(i.SPI_FLASH_ChipErase) refers to ht32_board.o(.constdata) for GPIO_PORT
    spi_flash.o(i.SPI_FLASH_Init) refers to ht32f5xxxx_ckcu.o(i.CKCU_PeripClockConfig) for CKCU_PeripClockConfig
    spi_flash.o(i.SPI_FLASH_Init) refers to ht32f5xxxx_gpio.o(i.GPIO_SetOutBits) for GPIO_SetOutBits
    spi_flash.o(i.SPI_FLASH_Init) refers to ht32f5xxxx_gpio.o(i.GPIO_DirectionConfig) for GPIO_DirectionConfig
    spi_flash.o(i.SPI_FLASH_Init) refers to ht32f5xxxx_gpio.o(i.AFIO_GPxConfig) for AFIO_GPxConfig
    spi_flash.o(i.SPI_FLASH_Init) refers to ht32f5xxxx_spi.o(i.SPI_Init) for SPI_Init
    spi_flash.o(i.SPI_FLASH_Init) refers to ht32f5xxxx_spi.o(i.SPI_SELOutputCmd) for SPI_SELOutputCmd
    spi_flash.o(i.SPI_FLASH_Init) refers to ht32f5xxxx_spi.o(i.SPI_Cmd) for SPI_Cmd
    spi_flash.o(i.SPI_FLASH_Init) refers to ht32_board.o(.constdata) for GPIO_PORT
    spi_flash.o(i.SPI_FLASH_PageWrite) refers to spi_flash.o(i.SPI_FLASH_WriteEnable) for SPI_FLASH_WriteEnable
    spi_flash.o(i.SPI_FLASH_PageWrite) refers to ht32f5xxxx_gpio.o(i.GPIO_ClearOutBits) for GPIO_ClearOutBits
    spi_flash.o(i.SPI_FLASH_PageWrite) refers to spi_flash.o(i.SPI_FLASH_SendByte) for SPI_FLASH_SendByte
    spi_flash.o(i.SPI_FLASH_PageWrite) refers to ht32f5xxxx_gpio.o(i.GPIO_SetOutBits) for GPIO_SetOutBits
    spi_flash.o(i.SPI_FLASH_PageWrite) refers to spi_flash.o(i.SPI_FLASH_WaitForWriteEnd) for SPI_FLASH_WaitForWriteEnd
    spi_flash.o(i.SPI_FLASH_PageWrite) refers to ht32_board.o(.constdata) for GPIO_PORT
    spi_flash.o(i.SPI_FLASH_PageWriteByDMA) refers to ht32f5xxxx_ckcu.o(i.CKCU_PeripClockConfig) for CKCU_PeripClockConfig
    spi_flash.o(i.SPI_FLASH_PageWriteByDMA) refers to spi_flash.o(i.SPI_FLASH_WriteEnable) for SPI_FLASH_WriteEnable
    spi_flash.o(i.SPI_FLASH_PageWriteByDMA) refers to ht32f5xxxx_gpio.o(i.GPIO_ClearOutBits) for GPIO_ClearOutBits
    spi_flash.o(i.SPI_FLASH_PageWriteByDMA) refers to spi_flash.o(i.SPI_FLASH_SendByte) for SPI_FLASH_SendByte
    spi_flash.o(i.SPI_FLASH_PageWriteByDMA) refers to ht32f5xxxx_pdma.o(i.PDMA_Config) for PDMA_Config
    spi_flash.o(i.SPI_FLASH_PageWriteByDMA) refers to ht32f5xxxx_pdma.o(i.PDMA_EnaCmd) for PDMA_EnaCmd
    spi_flash.o(i.SPI_FLASH_PageWriteByDMA) refers to ht32f5xxxx_spi.o(i.SPI_PDMACmd) for SPI_PDMACmd
    spi_flash.o(i.SPI_FLASH_PageWriteByDMA) refers to ht32f5xxxx_gpio.o(i.GPIO_SetOutBits) for GPIO_SetOutBits
    spi_flash.o(i.SPI_FLASH_PageWriteByDMA) refers to spi_flash.o(i.SPI_FLASH_WaitForWriteEnd) for SPI_FLASH_WaitForWriteEnd
    spi_flash.o(i.SPI_FLASH_PageWriteByDMA) refers to ht32_board.o(.constdata) for GPIO_PORT
    spi_flash.o(i.SPI_FLASH_ReadJEDECID) refers to ht32f5xxxx_gpio.o(i.GPIO_ClearOutBits) for GPIO_ClearOutBits
    spi_flash.o(i.SPI_FLASH_ReadJEDECID) refers to spi_flash.o(i.SPI_FLASH_SendByte) for SPI_FLASH_SendByte
    spi_flash.o(i.SPI_FLASH_ReadJEDECID) refers to ht32f5xxxx_gpio.o(i.GPIO_SetOutBits) for GPIO_SetOutBits
    spi_flash.o(i.SPI_FLASH_ReadJEDECID) refers to ht32_board.o(.constdata) for GPIO_PORT
    spi_flash.o(i.SPI_FLASH_SectorErase) refers to spi_flash.o(i.SPI_FLASH_WriteEnable) for SPI_FLASH_WriteEnable
    spi_flash.o(i.SPI_FLASH_SectorErase) refers to ht32f5xxxx_gpio.o(i.GPIO_ClearOutBits) for GPIO_ClearOutBits
    spi_flash.o(i.SPI_FLASH_SectorErase) refers to spi_flash.o(i.SPI_FLASH_SendByte) for SPI_FLASH_SendByte
    spi_flash.o(i.SPI_FLASH_SectorErase) refers to ht32f5xxxx_gpio.o(i.GPIO_SetOutBits) for GPIO_SetOutBits
    spi_flash.o(i.SPI_FLASH_SectorErase) refers to spi_flash.o(i.SPI_FLASH_WaitForWriteEnd) for SPI_FLASH_WaitForWriteEnd
    spi_flash.o(i.SPI_FLASH_SectorErase) refers to ht32_board.o(.constdata) for GPIO_PORT
    spi_flash.o(i.SPI_FLASH_SendByte) refers to ht32f5xxxx_spi.o(i.SPI_GetFlagStatus) for SPI_GetFlagStatus
    spi_flash.o(i.SPI_FLASH_SendByte) refers to ht32f5xxxx_spi.o(i.SPI_SendData) for SPI_SendData
    spi_flash.o(i.SPI_FLASH_SendByte) refers to ht32f5xxxx_spi.o(i.SPI_ReceiveData) for SPI_ReceiveData
    spi_flash.o(i.SPI_FLASH_WaitForWriteEnd) refers to ht32f5xxxx_gpio.o(i.GPIO_ClearOutBits) for GPIO_ClearOutBits
    spi_flash.o(i.SPI_FLASH_WaitForWriteEnd) refers to spi_flash.o(i.SPI_FLASH_SendByte) for SPI_FLASH_SendByte
    spi_flash.o(i.SPI_FLASH_WaitForWriteEnd) refers to ht32f5xxxx_gpio.o(i.GPIO_SetOutBits) for GPIO_SetOutBits
    spi_flash.o(i.SPI_FLASH_WaitForWriteEnd) refers to ht32_board.o(.constdata) for GPIO_PORT
    spi_flash.o(i.SPI_FLASH_WriteDisable) refers to ht32f5xxxx_gpio.o(i.GPIO_ClearOutBits) for GPIO_ClearOutBits
    spi_flash.o(i.SPI_FLASH_WriteDisable) refers to spi_flash.o(i.SPI_FLASH_SendByte) for SPI_FLASH_SendByte
    spi_flash.o(i.SPI_FLASH_WriteDisable) refers to ht32f5xxxx_gpio.o(i.GPIO_SetOutBits) for GPIO_SetOutBits
    spi_flash.o(i.SPI_FLASH_WriteDisable) refers to ht32_board.o(.constdata) for GPIO_PORT
    spi_flash.o(i.SPI_FLASH_WriteEnable) refers to ht32f5xxxx_gpio.o(i.GPIO_ClearOutBits) for GPIO_ClearOutBits
    spi_flash.o(i.SPI_FLASH_WriteEnable) refers to spi_flash.o(i.SPI_FLASH_SendByte) for SPI_FLASH_SendByte
    spi_flash.o(i.SPI_FLASH_WriteEnable) refers to ht32f5xxxx_gpio.o(i.GPIO_SetOutBits) for GPIO_SetOutBits
    spi_flash.o(i.SPI_FLASH_WriteEnable) refers to ht32_board.o(.constdata) for GPIO_PORT
    spi_flash.o(i.SPI_FLASH_WriteStatus) refers to spi_flash.o(i.SPI_FLASH_WriteEnable) for SPI_FLASH_WriteEnable
    spi_flash.o(i.SPI_FLASH_WriteStatus) refers to ht32f5xxxx_gpio.o(i.GPIO_ClearOutBits) for GPIO_ClearOutBits
    spi_flash.o(i.SPI_FLASH_WriteStatus) refers to spi_flash.o(i.SPI_FLASH_SendByte) for SPI_FLASH_SendByte
    spi_flash.o(i.SPI_FLASH_WriteStatus) refers to ht32f5xxxx_gpio.o(i.GPIO_SetOutBits) for GPIO_SetOutBits
    spi_flash.o(i.SPI_FLASH_WriteStatus) refers to ht32_board.o(.constdata) for GPIO_PORT
    ebi_lcd.o(i.LCD_BackColorSet) refers to ebi_lcd.o(.data) for .data
    ebi_lcd.o(i.LCD_CharDisplay) refers to ebi_lcd.o(i.LCD_CharDraw) for LCD_CharDraw
    ebi_lcd.o(i.LCD_CharDisplay) refers to ebi_lcd.o(.constdata) for .constdata
    ebi_lcd.o(i.LCD_CharDraw) refers to ebi_lcd.o(i.LCD_StarterSet) for LCD_StarterSet
    ebi_lcd.o(i.LCD_CharDraw) refers to ebi_lcd.o(.data) for .data
    ebi_lcd.o(i.LCD_CircleDraw) refers to ebi_lcd.o(i.LCD_StarterSet) for LCD_StarterSet
    ebi_lcd.o(i.LCD_CircleDraw) refers to ebi_lcd.o(i.LCD_WriteRAMWord) for LCD_WriteRAMWord
    ebi_lcd.o(i.LCD_CircleDraw) refers to ebi_lcd.o(.data) for .data
    ebi_lcd.o(i.LCD_Clear) refers to ebi_lcd.o(i.LCD_StarterSet) for LCD_StarterSet
    ebi_lcd.o(i.LCD_Config) refers to ebi_lcd.o(i._delay) for _delay
    ebi_lcd.o(i.LCD_Config) refers to ht32f5xxxx_gpio.o(i.GPIO_ClearOutBits) for GPIO_ClearOutBits
    ebi_lcd.o(i.LCD_Config) refers to ht32f5xxxx_gpio.o(i.GPIO_SetOutBits) for GPIO_SetOutBits
    ebi_lcd.o(i.LCD_Config) refers to ebi_lcd.o(i.LCD_WriteReg) for LCD_WriteReg
    ebi_lcd.o(i.LCD_Config) refers to ebi_lcd.o(i.LCD_Clear) for LCD_Clear
    ebi_lcd.o(i.LCD_Config) refers to ht32_board.o(.constdata) for GPIO_PORT
    ebi_lcd.o(i.LCD_DisplayOff) refers to ebi_lcd.o(i.LCD_WriteReg) for LCD_WriteReg
    ebi_lcd.o(i.LCD_DisplayOn) refers to ebi_lcd.o(i.LCD_WriteReg) for LCD_WriteReg
    ebi_lcd.o(i.LCD_Init) refers to ht32f5xxxx_ckcu.o(i.CKCU_PeripClockConfig) for CKCU_PeripClockConfig
    ebi_lcd.o(i.LCD_Init) refers to ht32f5xxxx_gpio.o(i.AFIO_GPxConfig) for AFIO_GPxConfig
    ebi_lcd.o(i.LCD_Init) refers to ht32f5xxxx_gpio.o(i.GPIO_SetOutBits) for GPIO_SetOutBits
    ebi_lcd.o(i.LCD_Init) refers to ht32f5xxxx_gpio.o(i.GPIO_DirectionConfig) for GPIO_DirectionConfig
    ebi_lcd.o(i.LCD_Init) refers to ht32f5xxxx_ebi.o(i.EBI_Init) for EBI_Init
    ebi_lcd.o(i.LCD_Init) refers to ht32f5xxxx_ebi.o(i.EBI_Cmd) for EBI_Cmd
    ebi_lcd.o(i.LCD_Init) refers to ht32_board.o(.constdata) for GPIO_PORT
    ebi_lcd.o(i.LCD_LineDraw) refers to ebi_lcd.o(i.LCD_StarterSet) for LCD_StarterSet
    ebi_lcd.o(i.LCD_LineDraw) refers to ebi_lcd.o(i.LCD_WriteRAMWord) for LCD_WriteRAMWord
    ebi_lcd.o(i.LCD_LineDraw) refers to ebi_lcd.o(.data) for .data
    ebi_lcd.o(i.LCD_PicDraw) refers to ebi_lcd.o(i.LCD_StarterSet) for LCD_StarterSet
    ebi_lcd.o(i.LCD_RectDraw) refers to ebi_lcd.o(i.LCD_LineDraw) for LCD_LineDraw
    ebi_lcd.o(i.LCD_StarterSet) refers to ebi_lcd.o(i.LCD_WriteReg) for LCD_WriteReg
    ebi_lcd.o(i.LCD_StringLineDisplay) refers to ebi_lcd.o(i.LCD_CharDisplay) for LCD_CharDisplay
    ebi_lcd.o(i.LCD_TextColorSet) refers to ebi_lcd.o(.data) for .data
    entry.o(.ARM.Collect$$$$00000000) refers (Special) to entry10a.o(.ARM.Collect$$$$0000000D) for __rt_final_cpp
    entry.o(.ARM.Collect$$$$00000000) refers (Special) to entry11a.o(.ARM.Collect$$$$0000000F) for __rt_final_exit
    entry.o(.ARM.Collect$$$$00000000) refers (Special) to entry7b.o(.ARM.Collect$$$$00000008) for _main_clock
    entry.o(.ARM.Collect$$$$00000000) refers (Special) to entry8b.o(.ARM.Collect$$$$0000000A) for _main_cpp_init
    entry.o(.ARM.Collect$$$$00000000) refers (Special) to entry9a.o(.ARM.Collect$$$$0000000B) for _main_init
    entry.o(.ARM.Collect$$$$00000000) refers (Special) to entry5.o(.ARM.Collect$$$$00000004) for _main_scatterload
    entry.o(.ARM.Collect$$$$00000000) refers (Special) to entry2.o(.ARM.Collect$$$$00000001) for _main_stk
    entry2.o(.ARM.Collect$$$$00000001) refers to entry2.o(.ARM.Collect$$$$00002712) for __lit__00000000
    entry2.o(.ARM.Collect$$$$00002712) refers to startup_ht32f5xxxx_01.o(STACK) for __initial_sp
    entry2.o(__vectab_stack_and_reset_area) refers to startup_ht32f5xxxx_01.o(STACK) for __initial_sp
    entry2.o(__vectab_stack_and_reset_area) refers to entry.o(.ARM.Collect$$$$00000000) for __main
    entry5.o(.ARM.Collect$$$$00000004) refers to init.o(.text) for __scatterload
    entry9a.o(.ARM.Collect$$$$0000000B) refers to main.o(i.main) for main
    entry9b.o(.ARM.Collect$$$$0000000C) refers to main.o(i.main) for main
    init.o(.text) refers to entry5.o(.ARM.Collect$$$$00000004) for __main_after_scatterload


==============================================================================

Removing Unused input sections from the image.

    Removing main.o(.rev16_text), (4 bytes).
    Removing main.o(.revsh_text), (4 bytes).
    Removing ht32f5xxxx_01_it.o(.rev16_text), (4 bytes).
    Removing ht32f5xxxx_01_it.o(.revsh_text), (4 bytes).
    Removing system_ht32f5xxxx_01.o(.rev16_text), (4 bytes).
    Removing system_ht32f5xxxx_01.o(.revsh_text), (4 bytes).
    Removing system_ht32f5xxxx_01.o(i.SystemCoreClockUpdate), (112 bytes).
    Removing system_ht32f5xxxx_01.o(.data), (4 bytes).
    Removing startup_ht32f5xxxx_01.o(HEAP), (0 bytes).
    Removing ht32_usbd_core.o(.rev16_text), (4 bytes).
    Removing ht32_usbd_core.o(.revsh_text), (4 bytes).
    Removing ht32_usbd_core.o(i.USBDCore_GetRemoteWakeUpFeature), (10 bytes).
    Removing ht32_usbd_core.o(i.USBDCore_GetStatus), (16 bytes).
    Removing ht32_usbd_core.o(i.USBDCore_IRQHandler), (368 bytes).
    Removing ht32_usbd_core.o(i.USBDCore_Init), (28 bytes).
    Removing ht32_usbd_core.o(i.USBDCore_IsSuspend), (16 bytes).
    Removing ht32_usbd_core.o(i.USBDCore_MainRoutine), (58 bytes).
    Removing ht32_usbd_core.o(i.USBDCore_TriggerRemoteWakeup), (12 bytes).
    Removing ht32_usbd_core.o(i._USBDCore_ControlIN), (68 bytes).
    Removing ht32_usbd_core.o(i._USBDCore_Setup), (108 bytes).
    Removing ht32_usbd_core.o(i._USBDCore_Standard_GetStatus), (56 bytes).
    Removing ht32_usbd_core.o(i._USBDCore_Standard_Request), (272 bytes).
    Removing ht32_usbd_core.o(i._USBDCore_Standard_SetClearFeature), (80 bytes).
    Removing ht32_usbd_core.o(.data), (4 bytes).
    Removing ht32_cm0plus_misc.o(.rev16_text), (4 bytes).
    Removing ht32_cm0plus_misc.o(.revsh_text), (4 bytes).
    Removing ht32_cm0plus_misc.o(i.DIV32_Init), (20 bytes).
    Removing ht32_cm0plus_misc.o(i.NVIC_LowPowerConfig), (24 bytes).
    Removing ht32_cm0plus_misc.o(i.NVIC_SetPendingSystemHandler), (16 bytes).
    Removing ht32_cm0plus_misc.o(i.NVIC_SetVectorTable), (20 bytes).
    Removing ht32_cm0plus_misc.o(i.RBIT), (22 bytes).
    Removing ht32_cm0plus_misc.o(i.Rand_Init), (28 bytes).
    Removing ht32_cm0plus_misc.o(i.SYSTICK_ClockSourceConfig), (24 bytes).
    Removing ht32_cm0plus_misc.o(i.SYSTICK_CounterCmd), (36 bytes).
    Removing ht32_cm0plus_misc.o(i.SYSTICK_IntConfig), (24 bytes).
    Removing ht32_cm0plus_misc.o(i.SYSTICK_SetReloadValue), (12 bytes).
    Removing ht32_cm0plus_misc.o(.constdata), (344 bytes).
    Removing ht32_cm0plus_misc.o(.data), (360 bytes).
    Removing ht32_retarget.o(.rev16_text), (4 bytes).
    Removing ht32_retarget.o(.revsh_text), (4 bytes).
    Removing ht32_retarget.o(i.RETARGET_Configuration), (30 bytes).
    Removing ht32_retarget.o(i.__backspace), (4 bytes).
    Removing ht32_retarget.o(i._sys_exit), (2 bytes).
    Removing ht32_retarget.o(i._ttywrch), (8 bytes).
    Removing ht32_retarget.o(i.fgetc), (8 bytes).
    Removing ht32_retarget.o(i.fputc), (8 bytes).
    Removing ht32_retarget.o(.data), (4 bytes).
    Removing ht32_retarget.o(.data), (4 bytes).
    Removing ht32_serial.o(.rev16_text), (4 bytes).
    Removing ht32_serial.o(.revsh_text), (4 bytes).
    Removing ht32_serial.o(i.SERIAL_Flush), (2 bytes).
    Removing ht32_serial.o(i.SERIAL_GetChar), (28 bytes).
    Removing ht32_serial.o(i.SERIAL_PutChar), (20 bytes).
    Removing ht32f5xxxx_adc.o(.rev16_text), (4 bytes).
    Removing ht32f5xxxx_adc.o(.revsh_text), (4 bytes).
    Removing ht32f5xxxx_adc.o(i.ADC_AWDConfig), (12 bytes).
    Removing ht32f5xxxx_adc.o(i.ADC_AWDSingleChannelConfig), (16 bytes).
    Removing ht32f5xxxx_adc.o(i.ADC_AWDThresholdsConfig), (8 bytes).
    Removing ht32f5xxxx_adc.o(i.ADC_ClearIntPendingBit), (6 bytes).
    Removing ht32f5xxxx_adc.o(i.ADC_Cmd), (18 bytes).
    Removing ht32f5xxxx_adc.o(i.ADC_DeInit), (18 bytes).
    Removing ht32f5xxxx_adc.o(i.ADC_GetConversionData), (10 bytes).
    Removing ht32f5xxxx_adc.o(i.ADC_GetFlagStatus), (12 bytes).
    Removing ht32f5xxxx_adc.o(i.ADC_GetIntStatus), (12 bytes).
    Removing ht32f5xxxx_adc.o(i.ADC_IntConfig), (18 bytes).
    Removing ht32f5xxxx_adc.o(i.ADC_PDMAConfig), (18 bytes).
    Removing ht32f5xxxx_adc.o(i.ADC_RegularChannelConfig), (28 bytes).
    Removing ht32f5xxxx_adc.o(i.ADC_RegularGroupConfig), (26 bytes).
    Removing ht32f5xxxx_adc.o(i.ADC_RegularTrigConfig), (10 bytes).
    Removing ht32f5xxxx_adc.o(i.ADC_Reset), (10 bytes).
    Removing ht32f5xxxx_adc.o(i.ADC_SamplingTimeConfig), (4 bytes).
    Removing ht32f5xxxx_adc.o(i.ADC_SoftwareStartConvCmd), (20 bytes).
    Removing ht32f5xxxx_bftm.o(.rev16_text), (4 bytes).
    Removing ht32f5xxxx_bftm.o(.revsh_text), (4 bytes).
    Removing ht32f5xxxx_bftm.o(i.BFTM_ClearFlag), (14 bytes).
    Removing ht32f5xxxx_bftm.o(i.BFTM_DeInit), (48 bytes).
    Removing ht32f5xxxx_bftm.o(i.BFTM_EnaCmd), (18 bytes).
    Removing ht32f5xxxx_bftm.o(i.BFTM_GetCompare), (4 bytes).
    Removing ht32f5xxxx_bftm.o(i.BFTM_GetCounter), (4 bytes).
    Removing ht32f5xxxx_bftm.o(i.BFTM_GetFlagStatus), (10 bytes).
    Removing ht32f5xxxx_bftm.o(i.BFTM_IntConfig), (20 bytes).
    Removing ht32f5xxxx_bftm.o(i.BFTM_OneShotModeCmd), (18 bytes).
    Removing ht32f5xxxx_bftm.o(i.BFTM_SetCompare), (4 bytes).
    Removing ht32f5xxxx_bftm.o(i.BFTM_SetCounter), (4 bytes).
    Removing ht32f5xxxx_ckcu.o(.rev16_text), (4 bytes).
    Removing ht32f5xxxx_ckcu.o(.revsh_text), (4 bytes).
    Removing ht32f5xxxx_ckcu.o(i.CKCU_BKISOCmd), (28 bytes).
    Removing ht32f5xxxx_ckcu.o(i.CKCU_CKMCmd), (24 bytes).
    Removing ht32f5xxxx_ckcu.o(i.CKCU_CKOUTConfig), (20 bytes).
    Removing ht32f5xxxx_ckcu.o(i.CKCU_ClearIntFlag), (16 bytes).
    Removing ht32f5xxxx_ckcu.o(i.CKCU_DeInit), (92 bytes).
    Removing ht32f5xxxx_ckcu.o(i.CKCU_GetClockReadyStatus), (20 bytes).
    Removing ht32f5xxxx_ckcu.o(i.CKCU_GetClocksFrequency), (108 bytes).
    Removing ht32f5xxxx_ckcu.o(i.CKCU_GetIntStatus), (20 bytes).
    Removing ht32f5xxxx_ckcu.o(i.CKCU_GetPLLFrequency), (60 bytes).
    Removing ht32f5xxxx_ckcu.o(i.CKCU_GetPeripFrequency), (52 bytes).
    Removing ht32f5xxxx_ckcu.o(i.CKCU_GetSysClockSource), (16 bytes).
    Removing ht32f5xxxx_ckcu.o(i.CKCU_HSECmd), (20 bytes).
    Removing ht32f5xxxx_ckcu.o(i.CKCU_HSIAutoTrimClkConfig), (20 bytes).
    Removing ht32f5xxxx_ckcu.o(i.CKCU_HSIAutoTrimCmd), (32 bytes).
    Removing ht32f5xxxx_ckcu.o(i.CKCU_HSIAutoTrimIsReady), (88 bytes).
    Removing ht32f5xxxx_ckcu.o(i.CKCU_HSICmd), (24 bytes).
    Removing ht32f5xxxx_ckcu.o(i.CKCU_IS_HSE_USED), (24 bytes).
    Removing ht32f5xxxx_ckcu.o(i.CKCU_IS_HSI_USED), (24 bytes).
    Removing ht32f5xxxx_ckcu.o(i.CKCU_IS_PLL_USED), (24 bytes).
    Removing ht32f5xxxx_ckcu.o(i.CKCU_IntConfig), (28 bytes).
    Removing ht32f5xxxx_ckcu.o(i.CKCU_MCUDBGConfig), (24 bytes).
    Removing ht32f5xxxx_ckcu.o(i.CKCU_PLLCmd), (20 bytes).
    Removing ht32f5xxxx_ckcu.o(i.CKCU_PLLInit), (48 bytes).
    Removing ht32f5xxxx_ckcu.o(i.CKCU_PSRCWKUPCmd), (24 bytes).
    Removing ht32f5xxxx_ckcu.o(i.CKCU_PeripClockConfig), (40 bytes).
    Removing ht32f5xxxx_ckcu.o(i.CKCU_SetADCPrescaler), (24 bytes).
    Removing ht32f5xxxx_ckcu.o(i.CKCU_SetCKREFPrescaler), (24 bytes).
    Removing ht32f5xxxx_ckcu.o(i.CKCU_SetHCLKPrescaler), (12 bytes).
    Removing ht32f5xxxx_ckcu.o(i.CKCU_SetPeripPrescaler), (40 bytes).
    Removing ht32f5xxxx_ckcu.o(i.CKCU_SleepClockConfig), (24 bytes).
    Removing ht32f5xxxx_ckcu.o(i.CKCU_SysClockConfig), (44 bytes).
    Removing ht32f5xxxx_ckcu.o(i.CKCU_WaitHSEReady), (36 bytes).
    Removing ht32f5xxxx_cmp.o(.rev16_text), (4 bytes).
    Removing ht32f5xxxx_cmp.o(.revsh_text), (4 bytes).
    Removing ht32f5xxxx_cmp.o(i.CMP_ClearFlag), (12 bytes).
    Removing ht32f5xxxx_cmp.o(i.CMP_Cmd), (20 bytes).
    Removing ht32f5xxxx_cmp.o(i.CMP_DeInit), (18 bytes).
    Removing ht32f5xxxx_cmp.o(i.CMP_EdgeDetectConfig), (28 bytes).
    Removing ht32f5xxxx_cmp.o(i.CMP_GetFlagStatus), (10 bytes).
    Removing ht32f5xxxx_cmp.o(i.CMP_GetOutputStatus), (14 bytes).
    Removing ht32f5xxxx_cmp.o(i.CMP_Init), (46 bytes).
    Removing ht32f5xxxx_cmp.o(i.CMP_IntConfig), (16 bytes).
    Removing ht32f5xxxx_cmp.o(i.CMP_SetScalerValue), (4 bytes).
    Removing ht32f5xxxx_cmp.o(i.CMP_StructInit), (24 bytes).
    Removing ht32f5xxxx_cmp.o(i.CMP_UnprotectConfig), (12 bytes).
    Removing ht32f5xxxx_crc.o(.rev16_text), (4 bytes).
    Removing ht32f5xxxx_crc.o(.revsh_text), (4 bytes).
    Removing ht32f5xxxx_crc.o(i.CRC_16), (32 bytes).
    Removing ht32f5xxxx_crc.o(i.CRC_32), (28 bytes).
    Removing ht32f5xxxx_crc.o(i.CRC_CCITT), (32 bytes).
    Removing ht32f5xxxx_crc.o(i.CRC_DeInit), (16 bytes).
    Removing ht32f5xxxx_crc.o(i.CRC_Init), (36 bytes).
    Removing ht32f5xxxx_crc.o(i.CRC_Process), (24 bytes).
    Removing ht32f5xxxx_ebi.o(.rev16_text), (4 bytes).
    Removing ht32f5xxxx_ebi.o(.revsh_text), (4 bytes).
    Removing ht32f5xxxx_ebi.o(i.EBI_Cmd), (28 bytes).
    Removing ht32f5xxxx_ebi.o(i.EBI_DeInit), (16 bytes).
    Removing ht32f5xxxx_ebi.o(i.EBI_GetBusyStatus), (16 bytes).
    Removing ht32f5xxxx_ebi.o(i.EBI_Init), (140 bytes).
    Removing ht32f5xxxx_ebi.o(i.EBI_StructInit), (44 bytes).
    Removing ht32f5xxxx_exti.o(.rev16_text), (4 bytes).
    Removing ht32f5xxxx_exti.o(.revsh_text), (4 bytes).
    Removing ht32f5xxxx_exti.o(i.EXTI_ClearEdgeFlag), (16 bytes).
    Removing ht32f5xxxx_exti.o(i.EXTI_ClearWakeupFlag), (20 bytes).
    Removing ht32f5xxxx_exti.o(i.EXTI_DeInit), (56 bytes).
    Removing ht32f5xxxx_exti.o(i.EXTI_GetEdgeFlag), (24 bytes).
    Removing ht32f5xxxx_exti.o(i.EXTI_GetEdgeStatus), (40 bytes).
    Removing ht32f5xxxx_exti.o(i.EXTI_GetSWCmdStatus), (24 bytes).
    Removing ht32f5xxxx_exti.o(i.EXTI_GetWakeupFlagStatus), (24 bytes).
    Removing ht32f5xxxx_exti.o(i.EXTI_Init), (32 bytes).
    Removing ht32f5xxxx_exti.o(i.EXTI_IntConfig), (28 bytes).
    Removing ht32f5xxxx_exti.o(i.EXTI_SWIntCmd), (28 bytes).
    Removing ht32f5xxxx_exti.o(i.EXTI_WakeupEventConfig), (44 bytes).
    Removing ht32f5xxxx_exti.o(i.EXTI_WakeupEventIntConfig), (28 bytes).
    Removing ht32f5xxxx_flash.o(.rev16_text), (4 bytes).
    Removing ht32f5xxxx_flash.o(.revsh_text), (4 bytes).
    Removing ht32f5xxxx_flash.o(i.FLASH_BranchCacheCmd), (28 bytes).
    Removing ht32f5xxxx_flash.o(i.FLASH_ClearIntFlag), (12 bytes).
    Removing ht32f5xxxx_flash.o(i.FLASH_EraseOptionByte), (16 bytes).
    Removing ht32f5xxxx_flash.o(i.FLASH_ErasePage), (20 bytes).
    Removing ht32f5xxxx_flash.o(i.FLASH_GetIntStatus), (20 bytes).
    Removing ht32f5xxxx_flash.o(i.FLASH_GetOptionByteStatus), (48 bytes).
    Removing ht32f5xxxx_flash.o(i.FLASH_IntConfig), (24 bytes).
    Removing ht32f5xxxx_flash.o(i.FLASH_MassErase), (20 bytes).
    Removing ht32f5xxxx_flash.o(i.FLASH_PrefetchBufferCmd), (24 bytes).
    Removing ht32f5xxxx_flash.o(i.FLASH_ProgramOptionByte), (76 bytes).
    Removing ht32f5xxxx_flash.o(i.FLASH_ProgramWordData), (24 bytes).
    Removing ht32f5xxxx_flash.o(i.FLASH_SetRemappingMode), (12 bytes).
    Removing ht32f5xxxx_flash.o(i.FLASH_SetWaitState), (20 bytes).
    Removing ht32f5xxxx_flash.o(i.FLASH_WaitForOperationEnd), (80 bytes).
    Removing ht32f5xxxx_gpio.o(.rev16_text), (4 bytes).
    Removing ht32f5xxxx_gpio.o(.revsh_text), (4 bytes).
    Removing ht32f5xxxx_gpio.o(i.AFIO_DeInit), (18 bytes).
    Removing ht32f5xxxx_gpio.o(i.AFIO_EXTISourceConfig), (44 bytes).
    Removing ht32f5xxxx_gpio.o(i.AFIO_GPxConfig), (88 bytes).
    Removing ht32f5xxxx_gpio.o(i.GPIO_ClearOutBits), (4 bytes).
    Removing ht32f5xxxx_gpio.o(i.GPIO_DeInit), (76 bytes).
    Removing ht32f5xxxx_gpio.o(i.GPIO_DirectionConfig), (16 bytes).
    Removing ht32f5xxxx_gpio.o(i.GPIO_DisableDebugPort), (56 bytes).
    Removing ht32f5xxxx_gpio.o(i.GPIO_DriveConfig), (48 bytes).
    Removing ht32f5xxxx_gpio.o(i.GPIO_InputConfig), (16 bytes).
    Removing ht32f5xxxx_gpio.o(i.GPIO_IsPinLocked), (10 bytes).
    Removing ht32f5xxxx_gpio.o(i.GPIO_IsPortLocked), (10 bytes).
    Removing ht32f5xxxx_gpio.o(i.GPIO_OpenDrainConfig), (16 bytes).
    Removing ht32f5xxxx_gpio.o(i.GPIO_PinLock), (12 bytes).
    Removing ht32f5xxxx_gpio.o(i.GPIO_PullResistorConfig), (42 bytes).
    Removing ht32f5xxxx_gpio.o(i.GPIO_ReadInBit), (10 bytes).
    Removing ht32f5xxxx_gpio.o(i.GPIO_ReadInData), (6 bytes).
    Removing ht32f5xxxx_gpio.o(i.GPIO_ReadOutBit), (10 bytes).
    Removing ht32f5xxxx_gpio.o(i.GPIO_ReadOutData), (6 bytes).
    Removing ht32f5xxxx_gpio.o(i.GPIO_SetOutBits), (4 bytes).
    Removing ht32f5xxxx_gpio.o(i.GPIO_WriteOutBits), (12 bytes).
    Removing ht32f5xxxx_gpio.o(i.GPIO_WriteOutData), (4 bytes).
    Removing ht32f5xxxx_gpio.o(i._AFIO_ClockControl), (40 bytes).
    Removing ht32f5xxxx_gpio.o(i._GPIO_ClockControl), (48 bytes).
    Removing ht32f5xxxx_i2c.o(.rev16_text), (4 bytes).
    Removing ht32f5xxxx_i2c.o(.revsh_text), (4 bytes).
    Removing ht32f5xxxx_i2c.o(i.I2C_AckCmd), (20 bytes).
    Removing ht32f5xxxx_i2c.o(i.I2C_AddressMaskConfig), (4 bytes).
    Removing ht32f5xxxx_i2c.o(i.I2C_CheckStatus), (14 bytes).
    Removing ht32f5xxxx_i2c.o(i.I2C_ClearFlag), (4 bytes).
    Removing ht32f5xxxx_i2c.o(i.I2C_Cmd), (18 bytes).
    Removing ht32f5xxxx_i2c.o(i.I2C_CombFilterCmd), (20 bytes).
    Removing ht32f5xxxx_i2c.o(i.I2C_DeInit), (44 bytes).
    Removing ht32f5xxxx_i2c.o(i.I2C_GeneralCallCmd), (18 bytes).
    Removing ht32f5xxxx_i2c.o(i.I2C_GenerateSTOP), (10 bytes).
    Removing ht32f5xxxx_i2c.o(i.I2C_GetAddressBuffer), (6 bytes).
    Removing ht32f5xxxx_i2c.o(i.I2C_GetFlagStatus), (10 bytes).
    Removing ht32f5xxxx_i2c.o(i.I2C_Init), (164 bytes).
    Removing ht32f5xxxx_i2c.o(i.I2C_IntConfig), (16 bytes).
    Removing ht32f5xxxx_i2c.o(i.I2C_PDMACmd), (16 bytes).
    Removing ht32f5xxxx_i2c.o(i.I2C_PDMANACKCmd), (20 bytes).
    Removing ht32f5xxxx_i2c.o(i.I2C_ReadRegister), (10 bytes).
    Removing ht32f5xxxx_i2c.o(i.I2C_ReceiveData), (6 bytes).
    Removing ht32f5xxxx_i2c.o(i.I2C_SendData), (4 bytes).
    Removing ht32f5xxxx_i2c.o(i.I2C_SequentialFilterConfig), (124 bytes).
    Removing ht32f5xxxx_i2c.o(i.I2C_SetOwnAddress), (4 bytes).
    Removing ht32f5xxxx_i2c.o(i.I2C_SetSCLHighPeriod), (4 bytes).
    Removing ht32f5xxxx_i2c.o(i.I2C_SetSCLLowPeriod), (4 bytes).
    Removing ht32f5xxxx_i2c.o(i.I2C_SetTimeOutPrescaler), (10 bytes).
    Removing ht32f5xxxx_i2c.o(i.I2C_SetTimeOutValue), (12 bytes).
    Removing ht32f5xxxx_i2c.o(i.I2C_StructInit), (24 bytes).
    Removing ht32f5xxxx_i2c.o(i.I2C_TargetAddressConfig), (20 bytes).
    Removing ht32f5xxxx_i2c.o(i.I2C_TimeOutCmd), (20 bytes).
    Removing ht32f5xxxx_i2s.o(.rev16_text), (4 bytes).
    Removing ht32f5xxxx_i2s.o(.revsh_text), (4 bytes).
    Removing ht32f5xxxx_i2s.o(i.I2S_ClearFlag), (12 bytes).
    Removing ht32f5xxxx_i2s.o(i.I2S_Cmd), (28 bytes).
    Removing ht32f5xxxx_i2s.o(i.I2S_DeInit), (18 bytes).
    Removing ht32f5xxxx_i2s.o(i.I2S_FIFOReset), (16 bytes).
    Removing ht32f5xxxx_i2s.o(i.I2S_FIFOTrigLevelConfig), (40 bytes).
    Removing ht32f5xxxx_i2s.o(i.I2S_GetFIFOStatus), (20 bytes).
    Removing ht32f5xxxx_i2s.o(i.I2S_GetFlagStatus), (20 bytes).
    Removing ht32f5xxxx_i2s.o(i.I2S_Init), (116 bytes).
    Removing ht32f5xxxx_i2s.o(i.I2S_IntConfig), (24 bytes).
    Removing ht32f5xxxx_i2s.o(i.I2S_PDMACmd), (24 bytes).
    Removing ht32f5xxxx_i2s.o(i.I2S_TxMuteCmd), (24 bytes).
    Removing ht32f5xxxx_mctm.o(.rev16_text), (4 bytes).
    Removing ht32f5xxxx_mctm.o(.revsh_text), (4 bytes).
    Removing ht32f5xxxx_mctm.o(i.MCTM_CHBRKCTRConfig), (40 bytes).
    Removing ht32f5xxxx_mctm.o(i.MCTM_CHBRKCTRStructInit), (20 bytes).
    Removing ht32f5xxxx_mctm.o(i.MCTM_CHMOECmd), (18 bytes).
    Removing ht32f5xxxx_mctm.o(i.MCTM_COMPRECmd), (20 bytes).
    Removing ht32f5xxxx_mctm.o(i.MCTM_COMUSConfig), (20 bytes).
    Removing ht32f5xxxx_mctm.o(i.MCTM_ChNPolarityConfig), (22 bytes).
    Removing ht32f5xxxx_mctm.o(i.MCTM_ChannelNConfig), (26 bytes).
    Removing ht32f5xxxx_pdma.o(.rev16_text), (4 bytes).
    Removing ht32f5xxxx_pdma.o(.revsh_text), (4 bytes).
    Removing ht32f5xxxx_pdma.o(i.PDMA_ClearFlag), (24 bytes).
    Removing ht32f5xxxx_pdma.o(i.PDMA_Config), (44 bytes).
    Removing ht32f5xxxx_pdma.o(i.PDMA_EnaCmd), (32 bytes).
    Removing ht32f5xxxx_pdma.o(i.PDMA_GetFlagStatus), (28 bytes).
    Removing ht32f5xxxx_pdma.o(i.PDMA_IntConfig), (56 bytes).
    Removing ht32f5xxxx_pdma.o(i.PDMA_SwTrigCmd), (32 bytes).
    Removing ht32f5xxxx_pdma.o(i.PDMA_TranSizeConfig), (20 bytes).
    Removing ht32f5xxxx_pwrcu.o(.rev16_text), (4 bytes).
    Removing ht32f5xxxx_pwrcu.o(.revsh_text), (4 bytes).
    Removing ht32f5xxxx_pwrcu.o(i.PWRCU_BODCmd), (28 bytes).
    Removing ht32f5xxxx_pwrcu.o(i.PWRCU_BODRISConfig), (24 bytes).
    Removing ht32f5xxxx_pwrcu.o(i.PWRCU_CheckReadyAccessed), (44 bytes).
    Removing ht32f5xxxx_pwrcu.o(i.PWRCU_DMOSCmd), (40 bytes).
    Removing ht32f5xxxx_pwrcu.o(i.PWRCU_DeInit), (24 bytes).
    Removing ht32f5xxxx_pwrcu.o(i.PWRCU_DeepSleep1), (92 bytes).
    Removing ht32f5xxxx_pwrcu.o(i.PWRCU_DeepSleep2), (104 bytes).
    Removing ht32f5xxxx_pwrcu.o(i.PWRCU_GetBODFlagStatus), (16 bytes).
    Removing ht32f5xxxx_pwrcu.o(i.PWRCU_GetDMOSStatus), (36 bytes).
    Removing ht32f5xxxx_pwrcu.o(i.PWRCU_GetFlagStatus), (12 bytes).
    Removing ht32f5xxxx_pwrcu.o(i.PWRCU_GetLVDFlagStatus), (16 bytes).
    Removing ht32f5xxxx_pwrcu.o(i.PWRCU_HSIReadyCounterBitLengthConfig), (12 bytes).
    Removing ht32f5xxxx_pwrcu.o(i.PWRCU_LDOConfig), (56 bytes).
    Removing ht32f5xxxx_pwrcu.o(i.PWRCU_LVDCmd), (28 bytes).
    Removing ht32f5xxxx_pwrcu.o(i.PWRCU_LVDEventWakeupConfig), (28 bytes).
    Removing ht32f5xxxx_pwrcu.o(i.PWRCU_LVDIntWakeupConfig), (28 bytes).
    Removing ht32f5xxxx_pwrcu.o(i.PWRCU_PowerDown), (120 bytes).
    Removing ht32f5xxxx_pwrcu.o(i.PWRCU_ReadBackupRegister), (16 bytes).
    Removing ht32f5xxxx_pwrcu.o(i.PWRCU_SetLVDS), (20 bytes).
    Removing ht32f5xxxx_pwrcu.o(i.PWRCU_Sleep), (32 bytes).
    Removing ht32f5xxxx_pwrcu.o(i.PWRCU_V15RDYSourceConfig), (28 bytes).
    Removing ht32f5xxxx_pwrcu.o(i.PWRCU_WakeupPinCmd), (24 bytes).
    Removing ht32f5xxxx_pwrcu.o(i.PWRCU_WakeupPinIntConfig), (24 bytes).
    Removing ht32f5xxxx_pwrcu.o(i.PWRCU_WriteBackupRegister), (16 bytes).
    Removing ht32f5xxxx_pwrcu.o(.data), (1 bytes).
    Removing ht32f5xxxx_rstcu.o(.rev16_text), (4 bytes).
    Removing ht32f5xxxx_rstcu.o(.revsh_text), (4 bytes).
    Removing ht32f5xxxx_rstcu.o(i.RSTCU_ClearAllResetFlag), (12 bytes).
    Removing ht32f5xxxx_rstcu.o(i.RSTCU_ClearResetFlag), (16 bytes).
    Removing ht32f5xxxx_rstcu.o(i.RSTCU_GetResetFlagStatus), (24 bytes).
    Removing ht32f5xxxx_rstcu.o(i.RSTCU_PeripReset), (40 bytes).
    Removing ht32f5xxxx_rtc.o(.rev16_text), (4 bytes).
    Removing ht32f5xxxx_rtc.o(.revsh_text), (4 bytes).
    Removing ht32f5xxxx_rtc.o(i.RTC_CMPCLRCmd), (24 bytes).
    Removing ht32f5xxxx_rtc.o(i.RTC_ClockSourceConfig), (20 bytes).
    Removing ht32f5xxxx_rtc.o(i.RTC_Cmd), (28 bytes).
    Removing ht32f5xxxx_rtc.o(i.RTC_DeInit), (44 bytes).
    Removing ht32f5xxxx_rtc.o(i.RTC_GetCompare), (12 bytes).
    Removing ht32f5xxxx_rtc.o(i.RTC_GetCounter), (12 bytes).
    Removing ht32f5xxxx_rtc.o(i.RTC_GetFlagStatus), (12 bytes).
    Removing ht32f5xxxx_rtc.o(i.RTC_GetOutStatus), (20 bytes).
    Removing ht32f5xxxx_rtc.o(i.RTC_GetPrescaler), (20 bytes).
    Removing ht32f5xxxx_rtc.o(i.RTC_IntConfig), (24 bytes).
    Removing ht32f5xxxx_rtc.o(i.RTC_LSECmd), (44 bytes).
    Removing ht32f5xxxx_rtc.o(i.RTC_LSESMConfig), (20 bytes).
    Removing ht32f5xxxx_rtc.o(i.RTC_LSILoadTrimData), (68 bytes).
    Removing ht32f5xxxx_rtc.o(i.RTC_OutCmd), (28 bytes).
    Removing ht32f5xxxx_rtc.o(i.RTC_OutConfig), (56 bytes).
    Removing ht32f5xxxx_rtc.o(i.RTC_SetCompare), (12 bytes).
    Removing ht32f5xxxx_rtc.o(i.RTC_SetPrescaler), (24 bytes).
    Removing ht32f5xxxx_rtc.o(i.RTC_WakeupConfig), (24 bytes).
    Removing ht32f5xxxx_sci.o(.rev16_text), (4 bytes).
    Removing ht32f5xxxx_sci.o(.revsh_text), (4 bytes).
    Removing ht32f5xxxx_sci.o(i.SCI_ClearFlag), (28 bytes).
    Removing ht32f5xxxx_sci.o(i.SCI_ClockModeConfig), (18 bytes).
    Removing ht32f5xxxx_sci.o(i.SCI_Cmd), (18 bytes).
    Removing ht32f5xxxx_sci.o(i.SCI_DeInit), (36 bytes).
    Removing ht32f5xxxx_sci.o(i.SCI_ETUConfig), (6 bytes).
    Removing ht32f5xxxx_sci.o(i.SCI_GetFlagStatus), (14 bytes).
    Removing ht32f5xxxx_sci.o(i.SCI_Init), (30 bytes).
    Removing ht32f5xxxx_sci.o(i.SCI_IntConfig), (16 bytes).
    Removing ht32f5xxxx_sci.o(i.SCI_OutputDIO), (18 bytes).
    Removing ht32f5xxxx_sci.o(i.SCI_PDMACmd), (16 bytes).
    Removing ht32f5xxxx_sci.o(i.SCI_ReceiveData), (6 bytes).
    Removing ht32f5xxxx_sci.o(i.SCI_SendData), (4 bytes).
    Removing ht32f5xxxx_sci.o(i.SCI_SetGuardTimeValue), (4 bytes).
    Removing ht32f5xxxx_sci.o(i.SCI_SetWaitingTimeValue), (4 bytes).
    Removing ht32f5xxxx_sci.o(i.SCI_SoftwareClockCmd), (18 bytes).
    Removing ht32f5xxxx_sci.o(i.SCI_StructInit), (14 bytes).
    Removing ht32f5xxxx_sci.o(i.SCI_WaitingTimeCounterCmd), (18 bytes).
    Removing ht32f5xxxx_spi.o(.rev16_text), (4 bytes).
    Removing ht32f5xxxx_spi.o(.revsh_text), (4 bytes).
    Removing ht32f5xxxx_spi.o(i.SPI_ClearFlag), (4 bytes).
    Removing ht32f5xxxx_spi.o(i.SPI_Cmd), (20 bytes).
    Removing ht32f5xxxx_spi.o(i.SPI_DUALCmd), (18 bytes).
    Removing ht32f5xxxx_spi.o(i.SPI_DeInit), (44 bytes).
    Removing ht32f5xxxx_spi.o(i.SPI_FIFOCmd), (20 bytes).
    Removing ht32f5xxxx_spi.o(i.SPI_FIFOTriggerLevelConfig), (32 bytes).
    Removing ht32f5xxxx_spi.o(i.SPI_GUADTCmd), (18 bytes).
    Removing ht32f5xxxx_spi.o(i.SPI_GUADTSPI_GUADTConfig), (20 bytes).
    Removing ht32f5xxxx_spi.o(i.SPI_GetFIFOStatus), (20 bytes).
    Removing ht32f5xxxx_spi.o(i.SPI_GetFlagStatus), (14 bytes).
    Removing ht32f5xxxx_spi.o(i.SPI_Init), (72 bytes).
    Removing ht32f5xxxx_spi.o(i.SPI_IntConfig), (16 bytes).
    Removing ht32f5xxxx_spi.o(i.SPI_PDMACmd), (16 bytes).
    Removing ht32f5xxxx_spi.o(i.SPI_ReceiveData), (6 bytes).
    Removing ht32f5xxxx_spi.o(i.SPI_SELHTConfig), (14 bytes).
    Removing ht32f5xxxx_spi.o(i.SPI_SELModeConfig), (20 bytes).
    Removing ht32f5xxxx_spi.o(i.SPI_SELOutputCmd), (18 bytes).
    Removing ht32f5xxxx_spi.o(i.SPI_SendData), (4 bytes).
    Removing ht32f5xxxx_spi.o(i.SPI_SetDataLength), (16 bytes).
    Removing ht32f5xxxx_spi.o(i.SPI_SetTimeOutValue), (4 bytes).
    Removing ht32f5xxxx_spi.o(i.SPI_SoftwareSELCmd), (18 bytes).
    Removing ht32f5xxxx_spi.o(i.SPI_StructInit), (28 bytes).
    Removing ht32f5xxxx_tm.o(.rev16_text), (4 bytes).
    Removing ht32f5xxxx_tm.o(.revsh_text), (4 bytes).
    Removing ht32f5xxxx_tm.o(i.TM_CHCCDSConfig), (20 bytes).
    Removing ht32f5xxxx_tm.o(i.TM_CHCCRPreloadConfig), (24 bytes).
    Removing ht32f5xxxx_tm.o(i.TM_CHPSCConfig), (22 bytes).
    Removing ht32f5xxxx_tm.o(i.TM_CKDIVConfig), (18 bytes).
    Removing ht32f5xxxx_tm.o(i.TM_CRRPreloadCmd), (18 bytes).
    Removing ht32f5xxxx_tm.o(i.TM_CaptureInit), (34 bytes).
    Removing ht32f5xxxx_tm.o(i.TM_CaptureStructInit), (18 bytes).
    Removing ht32f5xxxx_tm.o(i.TM_ChExternalClockConfig), (50 bytes).
    Removing ht32f5xxxx_tm.o(i.TM_ChPolarityConfig), (20 bytes).
    Removing ht32f5xxxx_tm.o(i.TM_ChannelConfig), (24 bytes).
    Removing ht32f5xxxx_tm.o(i.TM_ClearFlag), (10 bytes).
    Removing ht32f5xxxx_tm.o(i.TM_ClearIntPendingBit), (10 bytes).
    Removing ht32f5xxxx_tm.o(i.TM_ClearOREFConfig), (24 bytes).
    Removing ht32f5xxxx_tm.o(i.TM_Cmd), (20 bytes).
    Removing ht32f5xxxx_tm.o(i.TM_CounterModeConfig), (28 bytes).
    Removing ht32f5xxxx_tm.o(i.TM_DeInit), (88 bytes).
    Removing ht32f5xxxx_tm.o(i.TM_DecoderConfig), (64 bytes).
    Removing ht32f5xxxx_tm.o(i.TM_EtiConfig), (24 bytes).
    Removing ht32f5xxxx_tm.o(i.TM_EtiExternalClockConfig), (20 bytes).
    Removing ht32f5xxxx_tm.o(i.TM_ForcedOREF), (18 bytes).
    Removing ht32f5xxxx_tm.o(i.TM_GenerateEvent), (4 bytes).
    Removing ht32f5xxxx_tm.o(i.TM_GetCaptureCompare), (10 bytes).
    Removing ht32f5xxxx_tm.o(i.TM_GetCounter), (6 bytes).
    Removing ht32f5xxxx_tm.o(i.TM_GetFlagStatus), (10 bytes).
    Removing ht32f5xxxx_tm.o(i.TM_GetIntStatus), (24 bytes).
    Removing ht32f5xxxx_tm.o(i.TM_GetPrescaler), (6 bytes).
    Removing ht32f5xxxx_tm.o(i.TM_HallInterfaceCmd), (22 bytes).
    Removing ht32f5xxxx_tm.o(i.TM_ImmActiveConfig), (24 bytes).
    Removing ht32f5xxxx_tm.o(i.TM_IntConfig), (16 bytes).
    Removing ht32f5xxxx_tm.o(i.TM_InternalClockConfig), (12 bytes).
    Removing ht32f5xxxx_tm.o(i.TM_ItiExternalClockConfig), (20 bytes).
    Removing ht32f5xxxx_tm.o(i.TM_MMSELConfig), (14 bytes).
    Removing ht32f5xxxx_tm.o(i.TM_OutputInit), (164 bytes).
    Removing ht32f5xxxx_tm.o(i.TM_OutputModeConfig), (32 bytes).
    Removing ht32f5xxxx_tm.o(i.TM_OutputStructInit), (24 bytes).
    Removing ht32f5xxxx_tm.o(i.TM_PDMAConfig), (16 bytes).
    Removing ht32f5xxxx_tm.o(i.TM_PrescalerConfig), (8 bytes).
    Removing ht32f5xxxx_tm.o(i.TM_PwmInputInit), (90 bytes).
    Removing ht32f5xxxx_tm.o(i.TM_SetAsymmetricCompare), (10 bytes).
    Removing ht32f5xxxx_tm.o(i.TM_SetCaptureCompare), (10 bytes).
    Removing ht32f5xxxx_tm.o(i.TM_SetCounter), (6 bytes).
    Removing ht32f5xxxx_tm.o(i.TM_SetCounterReload), (6 bytes).
    Removing ht32f5xxxx_tm.o(i.TM_SinglePulseModeCmd), (20 bytes).
    Removing ht32f5xxxx_tm.o(i.TM_SlaveModeConfig), (14 bytes).
    Removing ht32f5xxxx_tm.o(i.TM_StiConfig), (26 bytes).
    Removing ht32f5xxxx_tm.o(i.TM_TimSyncCmd), (20 bytes).
    Removing ht32f5xxxx_tm.o(i.TM_TimeBaseInit), (64 bytes).
    Removing ht32f5xxxx_tm.o(i.TM_TimeBaseStructInit), (20 bytes).
    Removing ht32f5xxxx_tm.o(i.TM_UEVG_IntConfig), (18 bytes).
    Removing ht32f5xxxx_tm.o(i.TM_UpdateCmd), (20 bytes).
    Removing ht32f5xxxx_tm.o(i.tm_CHx_Config), (60 bytes).
    Removing ht32f5xxxx_usart.o(.rev16_text), (4 bytes).
    Removing ht32f5xxxx_usart.o(.revsh_text), (4 bytes).
    Removing ht32f5xxxx_usart.o(i.USART_ClearFlag), (8 bytes).
    Removing ht32f5xxxx_usart.o(i.USART_DeInit), (68 bytes).
    Removing ht32f5xxxx_usart.o(i.USART_FIFOReset), (8 bytes).
    Removing ht32f5xxxx_usart.o(i.USART_ForceBreakCmd), (20 bytes).
    Removing ht32f5xxxx_usart.o(i.USART_GetFIFOStatus), (18 bytes).
    Removing ht32f5xxxx_usart.o(i.USART_GetFlagStatus), (10 bytes).
    Removing ht32f5xxxx_usart.o(i.USART_HardwareFlowControlCmd), (18 bytes).
    Removing ht32f5xxxx_usart.o(i.USART_Init), (132 bytes).
    Removing ht32f5xxxx_usart.o(i.USART_IntConfig), (16 bytes).
    Removing ht32f5xxxx_usart.o(i.USART_IrDACmd), (20 bytes).
    Removing ht32f5xxxx_usart.o(i.USART_IrDAConfig), (18 bytes).
    Removing ht32f5xxxx_usart.o(i.USART_IrDADirectionConfig), (18 bytes).
    Removing ht32f5xxxx_usart.o(i.USART_IrDAInvtCmd), (20 bytes).
    Removing ht32f5xxxx_usart.o(i.USART_PDMACmd), (16 bytes).
    Removing ht32f5xxxx_usart.o(i.USART_RS485AADCmd), (18 bytes).
    Removing ht32f5xxxx_usart.o(i.USART_RS485NMMCmd), (18 bytes).
    Removing ht32f5xxxx_usart.o(i.USART_RS485TxEnablePolarityConfig), (20 bytes).
    Removing ht32f5xxxx_usart.o(i.USART_ReceiveData), (6 bytes).
    Removing ht32f5xxxx_usart.o(i.USART_SendData), (4 bytes).
    Removing ht32f5xxxx_usart.o(i.USART_SetAddressMatchValue), (16 bytes).
    Removing ht32f5xxxx_usart.o(i.USART_SetGuardTime), (16 bytes).
    Removing ht32f5xxxx_usart.o(i.USART_SetIrDAPrescaler), (16 bytes).
    Removing ht32f5xxxx_usart.o(i.USART_SetTimeOutValue), (16 bytes).
    Removing ht32f5xxxx_usart.o(i.USART_StickParityCmd), (20 bytes).
    Removing ht32f5xxxx_usart.o(i.USART_StickParityConfig), (24 bytes).
    Removing ht32f5xxxx_usart.o(i.USART_StructInit), (22 bytes).
    Removing ht32f5xxxx_usart.o(i.USART_SynClockInit), (26 bytes).
    Removing ht32f5xxxx_usart.o(i.USART_SynClockStructInit), (12 bytes).
    Removing ht32f5xxxx_usart.o(i.USART_TXRXTLConfig), (20 bytes).
    Removing ht32f5xxxx_usart.o(i.USART_TxRxCmd), (20 bytes).
    Removing ht32f5xxxx_usbd.o(.rev16_text), (4 bytes).
    Removing ht32f5xxxx_usbd.o(.revsh_text), (4 bytes).
    Removing ht32f5xxxx_usbd.o(i.USBD_ClearINT), (12 bytes).
    Removing ht32f5xxxx_usbd.o(i.USBD_DPWakeUpCmd), (28 bytes).
    Removing ht32f5xxxx_usbd.o(i.USBD_DPpullupCmd), (24 bytes).
    Removing ht32f5xxxx_usbd.o(i.USBD_DeInit), (16 bytes).
    Removing ht32f5xxxx_usbd.o(i.USBD_DisableDefaultPull), (12 bytes).
    Removing ht32f5xxxx_usbd.o(i.USBD_DisableINT), (16 bytes).
    Removing ht32f5xxxx_usbd.o(i.USBD_EPTClearDTG), (16 bytes).
    Removing ht32f5xxxx_usbd.o(i.USBD_EPTClearHalt), (16 bytes).
    Removing ht32f5xxxx_usbd.o(i.USBD_EPTClearINT), (12 bytes).
    Removing ht32f5xxxx_usbd.o(i.USBD_EPTEnableINT), (12 bytes).
    Removing ht32f5xxxx_usbd.o(i.USBD_EPTGetBuffer0Addr), (24 bytes).
    Removing ht32f5xxxx_usbd.o(i.USBD_EPTGetBuffer1Addr), (36 bytes).
    Removing ht32f5xxxx_usbd.o(i.USBD_EPTGetBufferLen), (14 bytes).
    Removing ht32f5xxxx_usbd.o(i.USBD_EPTGetHalt), (24 bytes).
    Removing ht32f5xxxx_usbd.o(i.USBD_EPTGetINT), (14 bytes).
    Removing ht32f5xxxx_usbd.o(i.USBD_EPTGetTransferCount), (18 bytes).
    Removing ht32f5xxxx_usbd.o(i.USBD_EPTInit), (36 bytes).
    Removing ht32f5xxxx_usbd.o(i.USBD_EPTReadMemory), (56 bytes).
    Removing ht32f5xxxx_usbd.o(i.USBD_EPTReadOUTData), (48 bytes).
    Removing ht32f5xxxx_usbd.o(i.USBD_EPTReset), (16 bytes).
    Removing ht32f5xxxx_usbd.o(i.USBD_EPTSendSTALL), (12 bytes).
    Removing ht32f5xxxx_usbd.o(i.USBD_EPTSetHalt), (20 bytes).
    Removing ht32f5xxxx_usbd.o(i.USBD_EPTWaitSTALLSent), (32 bytes).
    Removing ht32f5xxxx_usbd.o(i.USBD_EPTWriteINData), (68 bytes).
    Removing ht32f5xxxx_usbd.o(i.USBD_EnableINT), (16 bytes).
    Removing ht32f5xxxx_usbd.o(i.USBD_GetEPTnINTNumber), (32 bytes).
    Removing ht32f5xxxx_usbd.o(i.USBD_GetINT), (16 bytes).
    Removing ht32f5xxxx_usbd.o(i.USBD_Init), (8 bytes).
    Removing ht32f5xxxx_usbd.o(i.USBD_PowerOff), (16 bytes).
    Removing ht32f5xxxx_usbd.o(i.USBD_PowerOn), (16 bytes).
    Removing ht32f5xxxx_usbd.o(i.USBD_PowerUp), (104 bytes).
    Removing ht32f5xxxx_usbd.o(i.USBD_PreInit), (24 bytes).
    Removing ht32f5xxxx_usbd.o(i.USBD_ReadSETUPData), (16 bytes).
    Removing ht32f5xxxx_usbd.o(i.USBD_RemoteWakeup), (16 bytes).
    Removing ht32f5xxxx_usbd.o(i.USBD_SRAMResetConditionCmd), (24 bytes).
    Removing ht32f5xxxx_usbd.o(i.USBD_SetAddress), (20 bytes).
    Removing ht32f5xxxx_usbd.o(i._USBD_CopyMemory), (138 bytes).
    Removing ht32f5xxxx_usbd.o(i._USBD_GetEPTnAddr), (16 bytes).
    Removing ht32f5xxxx_usbd.o(.data), (4 bytes).
    Removing ht32f5xxxx_wdt.o(.rev16_text), (4 bytes).
    Removing ht32f5xxxx_wdt.o(.revsh_text), (4 bytes).
    Removing ht32f5xxxx_wdt.o(i.WDT_Cmd), (28 bytes).
    Removing ht32f5xxxx_wdt.o(i.WDT_DeInit), (16 bytes).
    Removing ht32f5xxxx_wdt.o(i.WDT_GetDeltaValue), (16 bytes).
    Removing ht32f5xxxx_wdt.o(i.WDT_GetFlagStatus), (20 bytes).
    Removing ht32f5xxxx_wdt.o(i.WDT_GetPrescaler), (20 bytes).
    Removing ht32f5xxxx_wdt.o(i.WDT_GetReloadValue), (16 bytes).
    Removing ht32f5xxxx_wdt.o(i.WDT_HaltConfig), (24 bytes).
    Removing ht32f5xxxx_wdt.o(i.WDT_LockCmd), (36 bytes).
    Removing ht32f5xxxx_wdt.o(i.WDT_ProtectCmd), (28 bytes).
    Removing ht32f5xxxx_wdt.o(i.WDT_ResetCmd), (28 bytes).
    Removing ht32f5xxxx_wdt.o(i.WDT_Restart), (16 bytes).
    Removing ht32f5xxxx_wdt.o(i.WDT_SetDeltaValue), (20 bytes).
    Removing ht32f5xxxx_wdt.o(i.WDT_SetPrescaler), (20 bytes).
    Removing ht32f5xxxx_wdt.o(i.WDT_SetReloadValue), (20 bytes).
    Removing ht32f5xxxx_wdt.o(i.WDT_SourceConfig), (16 bytes).
    Removing printf.o(.rev16_text), (4 bytes).
    Removing printf.o(.revsh_text), (4 bytes).
    Removing printf.o(i.FormatItem), (274 bytes).
    Removing printf.o(i.PutNumber), (160 bytes).
    Removing printf.o(i.PutRepChar), (22 bytes).
    Removing printf.o(i.PutString), (28 bytes).
    Removing printf.o(i.PutStringReverse), (32 bytes).
    Removing printf.o(i.printf), (58 bytes).
    Removing printf.o(i.puts), (20 bytes).
    Removing ht32_board.o(.rev16_text), (4 bytes).
    Removing ht32_board.o(.revsh_text), (4 bytes).
    Removing ht32_board.o(i.HT32F_DVB_BuzzerFun), (292 bytes).
    Removing ht32_board.o(i.HT32F_DVB_BuzzerOutputCmd), (20 bytes).
    Removing ht32_board.o(i.HT32F_DVB_COMInit), (80 bytes).
    Removing ht32_board.o(i.HT32F_DVB_LEDInit), (88 bytes).
    Removing ht32_board.o(i.HT32F_DVB_LEDOff), (24 bytes).
    Removing ht32_board.o(i.HT32F_DVB_LEDOn), (24 bytes).
    Removing ht32_board.o(i.HT32F_DVB_LEDToggle), (32 bytes).
    Removing ht32_board.o(i.HT32F_DVB_PBGetState), (28 bytes).
    Removing ht32_board.o(i.HT32F_DVB_PBInit), (196 bytes).
    Removing ht32_board.o(i._HT32F_DVB_ClockConfig), (72 bytes).
    Removing ht32_board.o(.constdata), (68 bytes).
    Removing i2c_eeprom.o(.rev16_text), (4 bytes).
    Removing i2c_eeprom.o(.revsh_text), (4 bytes).
    Removing i2c_eeprom.o(i.I2C_EEPROM_BufferRead), (156 bytes).
    Removing i2c_eeprom.o(i.I2C_EEPROM_BufferWrite), (50 bytes).
    Removing i2c_eeprom.o(i.I2C_EEPROM_Init), (84 bytes).
    Removing i2c_eeprom.o(i.I2C_EEPROM_PageWrite), (96 bytes).
    Removing i2c_eeprom.o(i._I2C_EEPROM_AckPolling), (60 bytes).
    Removing spi_flash.o(.rev16_text), (4 bytes).
    Removing spi_flash.o(.revsh_text), (4 bytes).
    Removing spi_flash.o(i.SPI_FLASH_BlockErase), (64 bytes).
    Removing spi_flash.o(i.SPI_FLASH_BufferDualRead), (104 bytes).
    Removing spi_flash.o(i.SPI_FLASH_BufferDualReadByDMA), (276 bytes).
    Removing spi_flash.o(i.SPI_FLASH_BufferRead), (76 bytes).
    Removing spi_flash.o(i.SPI_FLASH_BufferReadByDMA), (256 bytes).
    Removing spi_flash.o(i.SPI_FLASH_BufferWriteBy), (194 bytes).
    Removing spi_flash.o(i.SPI_FLASH_ChipErase), (40 bytes).
    Removing spi_flash.o(i.SPI_FLASH_Init), (148 bytes).
    Removing spi_flash.o(i.SPI_FLASH_PageWrite), (84 bytes).
    Removing spi_flash.o(i.SPI_FLASH_PageWriteByDMA), (256 bytes).
    Removing spi_flash.o(i.SPI_FLASH_ReadJEDECID), (64 bytes).
    Removing spi_flash.o(i.SPI_FLASH_SectorErase), (64 bytes).
    Removing spi_flash.o(i.SPI_FLASH_SendByte), (52 bytes).
    Removing spi_flash.o(i.SPI_FLASH_WaitForWriteEnd), (44 bytes).
    Removing spi_flash.o(i.SPI_FLASH_WriteDisable), (32 bytes).
    Removing spi_flash.o(i.SPI_FLASH_WriteEnable), (32 bytes).
    Removing spi_flash.o(i.SPI_FLASH_WriteStatus), (44 bytes).
    Removing ebi_lcd.o(.rev16_text), (4 bytes).
    Removing ebi_lcd.o(.revsh_text), (4 bytes).
    Removing ebi_lcd.o(i.LCD_BackColorSet), (12 bytes).
    Removing ebi_lcd.o(i.LCD_CharDisplay), (24 bytes).
    Removing ebi_lcd.o(i.LCD_CharDraw), (84 bytes).
    Removing ebi_lcd.o(i.LCD_CircleDraw), (200 bytes).
    Removing ebi_lcd.o(i.LCD_Clear), (32 bytes).
    Removing ebi_lcd.o(i.LCD_Config), (640 bytes).
    Removing ebi_lcd.o(i.LCD_DisplayOff), (12 bytes).
    Removing ebi_lcd.o(i.LCD_DisplayOn), (12 bytes).
    Removing ebi_lcd.o(i.LCD_Init), (340 bytes).
    Removing ebi_lcd.o(i.LCD_LineDraw), (80 bytes).
    Removing ebi_lcd.o(i.LCD_PicDraw), (86 bytes).
    Removing ebi_lcd.o(i.LCD_ReadReg), (10 bytes).
    Removing ebi_lcd.o(i.LCD_RectDraw), (58 bytes).
    Removing ebi_lcd.o(i.LCD_SetDisplayArea), (84 bytes).
    Removing ebi_lcd.o(i.LCD_StarterSet), (44 bytes).
    Removing ebi_lcd.o(i.LCD_StringLineDisplay), (40 bytes).
    Removing ebi_lcd.o(i.LCD_TextColorSet), (12 bytes).
    Removing ebi_lcd.o(i.LCD_WriteRAM), (8 bytes).
    Removing ebi_lcd.o(i.LCD_WriteRAMPrior), (10 bytes).
    Removing ebi_lcd.o(i.LCD_WriteRAMWord), (12 bytes).
    Removing ebi_lcd.o(i.LCD_WriteReg), (10 bytes).
    Removing ebi_lcd.o(i._delay), (28 bytes).
    Removing ebi_lcd.o(.constdata), (4560 bytes).
    Removing ebi_lcd.o(.data), (4 bytes).
    Removing ht32f5xxxx_ckcu.o(i.__ARM_common_switch8), (26 bytes).

575 unused section(s) (total 23163 bytes) removed from the image.

==============================================================================

Image Symbol Table

    Local Symbols

    Symbol Name                              Value     Ov Type        Size  Object(Section)

    RESET                                    0x00000000   Section      284  startup_ht32f5xxxx_01.o(RESET)
    ../clib/microlib/division.c              0x00000000   Number         0  uidiv.o ABSOLUTE
    ../clib/microlib/init/entry.s            0x00000000   Number         0  entry5.o ABSOLUTE
    ../clib/microlib/init/entry.s            0x00000000   Number         0  entry10b.o ABSOLUTE
    ../clib/microlib/init/entry.s            0x00000000   Number         0  entry9a.o ABSOLUTE
    ../clib/microlib/init/entry.s            0x00000000   Number         0  entry10a.o ABSOLUTE
    ../clib/microlib/init/entry.s            0x00000000   Number         0  entry11a.o ABSOLUTE
    ../clib/microlib/init/entry.s            0x00000000   Number         0  entry9b.o ABSOLUTE
    ../clib/microlib/init/entry.s            0x00000000   Number         0  entry2.o ABSOLUTE
    ../clib/microlib/init/entry.s            0x00000000   Number         0  entry8b.o ABSOLUTE
    ../clib/microlib/init/entry.s            0x00000000   Number         0  entry.o ABSOLUTE
    ../clib/microlib/init/entry.s            0x00000000   Number         0  entry8a.o ABSOLUTE
    ../clib/microlib/init/entry.s            0x00000000   Number         0  entry11b.o ABSOLUTE
    ../clib/microlib/init/entry.s            0x00000000   Number         0  entry7b.o ABSOLUTE
    ../clib/microlib/init/entry.s            0x00000000   Number         0  entry7a.o ABSOLUTE
    ../clib/microlib/stubs.s                 0x00000000   Number         0  useno.o ABSOLUTE
    ..\Libraries\HT32F5xxxx_Driver\src\ht32_cm0plus_misc.c 0x00000000   Number         0  ht32_cm0plus_misc.o ABSOLUTE
    ..\Libraries\HT32F5xxxx_Driver\src\ht32_retarget.c 0x00000000   Number         0  ht32_retarget.o ABSOLUTE
    ..\Libraries\HT32F5xxxx_Driver\src\ht32_serial.c 0x00000000   Number         0  ht32_serial.o ABSOLUTE
    ..\Libraries\HT32F5xxxx_Driver\src\ht32f5xxxx_adc.c 0x00000000   Number         0  ht32f5xxxx_adc.o ABSOLUTE
    ..\Libraries\HT32F5xxxx_Driver\src\ht32f5xxxx_bftm.c 0x00000000   Number         0  ht32f5xxxx_bftm.o ABSOLUTE
    ..\Libraries\HT32F5xxxx_Driver\src\ht32f5xxxx_ckcu.c 0x00000000   Number         0  ht32f5xxxx_ckcu.o ABSOLUTE
    ..\Libraries\HT32F5xxxx_Driver\src\ht32f5xxxx_cmp.c 0x00000000   Number         0  ht32f5xxxx_cmp.o ABSOLUTE
    ..\Libraries\HT32F5xxxx_Driver\src\ht32f5xxxx_crc.c 0x00000000   Number         0  ht32f5xxxx_crc.o ABSOLUTE
    ..\Libraries\HT32F5xxxx_Driver\src\ht32f5xxxx_ebi.c 0x00000000   Number         0  ht32f5xxxx_ebi.o ABSOLUTE
    ..\Libraries\HT32F5xxxx_Driver\src\ht32f5xxxx_exti.c 0x00000000   Number         0  ht32f5xxxx_exti.o ABSOLUTE
    ..\Libraries\HT32F5xxxx_Driver\src\ht32f5xxxx_flash.c 0x00000000   Number         0  ht32f5xxxx_flash.o ABSOLUTE
    ..\Libraries\HT32F5xxxx_Driver\src\ht32f5xxxx_gpio.c 0x00000000   Number         0  ht32f5xxxx_gpio.o ABSOLUTE
    ..\Libraries\HT32F5xxxx_Driver\src\ht32f5xxxx_i2c.c 0x00000000   Number         0  ht32f5xxxx_i2c.o ABSOLUTE
    ..\Libraries\HT32F5xxxx_Driver\src\ht32f5xxxx_i2s.c 0x00000000   Number         0  ht32f5xxxx_i2s.o ABSOLUTE
    ..\Libraries\HT32F5xxxx_Driver\src\ht32f5xxxx_mctm.c 0x00000000   Number         0  ht32f5xxxx_mctm.o ABSOLUTE
    ..\Libraries\HT32F5xxxx_Driver\src\ht32f5xxxx_pdma.c 0x00000000   Number         0  ht32f5xxxx_pdma.o ABSOLUTE
    ..\Libraries\HT32F5xxxx_Driver\src\ht32f5xxxx_pwrcu.c 0x00000000   Number         0  ht32f5xxxx_pwrcu.o ABSOLUTE
    ..\Libraries\HT32F5xxxx_Driver\src\ht32f5xxxx_rstcu.c 0x00000000   Number         0  ht32f5xxxx_rstcu.o ABSOLUTE
    ..\Libraries\HT32F5xxxx_Driver\src\ht32f5xxxx_rtc.c 0x00000000   Number         0  ht32f5xxxx_rtc.o ABSOLUTE
    ..\Libraries\HT32F5xxxx_Driver\src\ht32f5xxxx_sci.c 0x00000000   Number         0  ht32f5xxxx_sci.o ABSOLUTE
    ..\Libraries\HT32F5xxxx_Driver\src\ht32f5xxxx_spi.c 0x00000000   Number         0  ht32f5xxxx_spi.o ABSOLUTE
    ..\Libraries\HT32F5xxxx_Driver\src\ht32f5xxxx_tm.c 0x00000000   Number         0  ht32f5xxxx_tm.o ABSOLUTE
    ..\Libraries\HT32F5xxxx_Driver\src\ht32f5xxxx_usart.c 0x00000000   Number         0  ht32f5xxxx_usart.o ABSOLUTE
    ..\Libraries\HT32F5xxxx_Driver\src\ht32f5xxxx_usbd.c 0x00000000   Number         0  ht32f5xxxx_usbd.o ABSOLUTE
    ..\Libraries\HT32F5xxxx_Driver\src\ht32f5xxxx_wdt.c 0x00000000   Number         0  ht32f5xxxx_wdt.o ABSOLUTE
    ..\Libraries\HT32F5xxxx_Driver\src\printf.c 0x00000000   Number         0  printf.o ABSOLUTE
    ..\Libraries\HT32_USBD_Library\src\ht32_usbd_core.c 0x00000000   Number         0  ht32_usbd_core.o ABSOLUTE
    ..\Libraries\system_ht32f5xxxx_01.c      0x00000000   Number         0  system_ht32f5xxxx_01.o ABSOLUTE
    ..\Listing\ht32_op.s                     0x00000000   Number         0  ht32_op.o ABSOLUTE
    ..\Listing\startup_ht32f5xxxx_01.s       0x00000000   Number         0  startup_ht32f5xxxx_01.o ABSOLUTE
    ..\User\ht32f5xxxx_01_it.c               0x00000000   Number         0  ht32f5xxxx_01_it.o ABSOLUTE
    ..\User\main.c                           0x00000000   Number         0  main.o ABSOLUTE
    ..\Utilities\common\ebi_lcd.c            0x00000000   Number         0  ebi_lcd.o ABSOLUTE
    ..\Utilities\common\i2c_eeprom.c         0x00000000   Number         0  i2c_eeprom.o ABSOLUTE
    ..\Utilities\common\spi_flash.c          0x00000000   Number         0  spi_flash.o ABSOLUTE
    ..\Utilities\ht32_board.c                0x00000000   Number         0  ht32_board.o ABSOLUTE
    ..\\Libraries\\HT32F5xxxx_Driver\\src\\ht32_cm0plus_misc.c 0x00000000   Number         0  ht32_cm0plus_misc.o ABSOLUTE
    ..\\Libraries\\HT32F5xxxx_Driver\\src\\ht32_retarget.c 0x00000000   Number         0  ht32_retarget.o ABSOLUTE
    ..\\Libraries\\HT32F5xxxx_Driver\\src\\ht32_serial.c 0x00000000   Number         0  ht32_serial.o ABSOLUTE
    ..\\Libraries\\HT32F5xxxx_Driver\\src\\ht32f5xxxx_adc.c 0x00000000   Number         0  ht32f5xxxx_adc.o ABSOLUTE
    ..\\Libraries\\HT32F5xxxx_Driver\\src\\ht32f5xxxx_bftm.c 0x00000000   Number         0  ht32f5xxxx_bftm.o ABSOLUTE
    ..\\Libraries\\HT32F5xxxx_Driver\\src\\ht32f5xxxx_ckcu.c 0x00000000   Number         0  ht32f5xxxx_ckcu.o ABSOLUTE
    ..\\Libraries\\HT32F5xxxx_Driver\\src\\ht32f5xxxx_cmp.c 0x00000000   Number         0  ht32f5xxxx_cmp.o ABSOLUTE
    ..\\Libraries\\HT32F5xxxx_Driver\\src\\ht32f5xxxx_crc.c 0x00000000   Number         0  ht32f5xxxx_crc.o ABSOLUTE
    ..\\Libraries\\HT32F5xxxx_Driver\\src\\ht32f5xxxx_ebi.c 0x00000000   Number         0  ht32f5xxxx_ebi.o ABSOLUTE
    ..\\Libraries\\HT32F5xxxx_Driver\\src\\ht32f5xxxx_exti.c 0x00000000   Number         0  ht32f5xxxx_exti.o ABSOLUTE
    ..\\Libraries\\HT32F5xxxx_Driver\\src\\ht32f5xxxx_flash.c 0x00000000   Number         0  ht32f5xxxx_flash.o ABSOLUTE
    ..\\Libraries\\HT32F5xxxx_Driver\\src\\ht32f5xxxx_gpio.c 0x00000000   Number         0  ht32f5xxxx_gpio.o ABSOLUTE
    ..\\Libraries\\HT32F5xxxx_Driver\\src\\ht32f5xxxx_i2c.c 0x00000000   Number         0  ht32f5xxxx_i2c.o ABSOLUTE
    ..\\Libraries\\HT32F5xxxx_Driver\\src\\ht32f5xxxx_i2s.c 0x00000000   Number         0  ht32f5xxxx_i2s.o ABSOLUTE
    ..\\Libraries\\HT32F5xxxx_Driver\\src\\ht32f5xxxx_mctm.c 0x00000000   Number         0  ht32f5xxxx_mctm.o ABSOLUTE
    ..\\Libraries\\HT32F5xxxx_Driver\\src\\ht32f5xxxx_pdma.c 0x00000000   Number         0  ht32f5xxxx_pdma.o ABSOLUTE
    ..\\Libraries\\HT32F5xxxx_Driver\\src\\ht32f5xxxx_pwrcu.c 0x00000000   Number         0  ht32f5xxxx_pwrcu.o ABSOLUTE
    ..\\Libraries\\HT32F5xxxx_Driver\\src\\ht32f5xxxx_rstcu.c 0x00000000   Number         0  ht32f5xxxx_rstcu.o ABSOLUTE
    ..\\Libraries\\HT32F5xxxx_Driver\\src\\ht32f5xxxx_rtc.c 0x00000000   Number         0  ht32f5xxxx_rtc.o ABSOLUTE
    ..\\Libraries\\HT32F5xxxx_Driver\\src\\ht32f5xxxx_sci.c 0x00000000   Number         0  ht32f5xxxx_sci.o ABSOLUTE
    ..\\Libraries\\HT32F5xxxx_Driver\\src\\ht32f5xxxx_spi.c 0x00000000   Number         0  ht32f5xxxx_spi.o ABSOLUTE
    ..\\Libraries\\HT32F5xxxx_Driver\\src\\ht32f5xxxx_tm.c 0x00000000   Number         0  ht32f5xxxx_tm.o ABSOLUTE
    ..\\Libraries\\HT32F5xxxx_Driver\\src\\ht32f5xxxx_usart.c 0x00000000   Number         0  ht32f5xxxx_usart.o ABSOLUTE
    ..\\Libraries\\HT32F5xxxx_Driver\\src\\ht32f5xxxx_usbd.c 0x00000000   Number         0  ht32f5xxxx_usbd.o ABSOLUTE
    ..\\Libraries\\HT32F5xxxx_Driver\\src\\ht32f5xxxx_wdt.c 0x00000000   Number         0  ht32f5xxxx_wdt.o ABSOLUTE
    ..\\Libraries\\HT32F5xxxx_Driver\\src\\printf.c 0x00000000   Number         0  printf.o ABSOLUTE
    ..\\Libraries\\HT32_USBD_Library\\src\\ht32_usbd_core.c 0x00000000   Number         0  ht32_usbd_core.o ABSOLUTE
    ..\\Libraries\\system_ht32f5xxxx_01.c    0x00000000   Number         0  system_ht32f5xxxx_01.o ABSOLUTE
    ..\\User\\ht32f5xxxx_01_it.c             0x00000000   Number         0  ht32f5xxxx_01_it.o ABSOLUTE
    ..\\User\\main.c                         0x00000000   Number         0  main.o ABSOLUTE
    ..\\Utilities\\common\\ebi_lcd.c         0x00000000   Number         0  ebi_lcd.o ABSOLUTE
    ..\\Utilities\\common\\i2c_eeprom.c      0x00000000   Number         0  i2c_eeprom.o ABSOLUTE
    ..\\Utilities\\common\\spi_flash.c       0x00000000   Number         0  spi_flash.o ABSOLUTE
    ..\\Utilities\\ht32_board.c              0x00000000   Number         0  ht32_board.o ABSOLUTE
    dc.s                                     0x00000000   Number         0  dc.o ABSOLUTE
    handlers.s                               0x00000000   Number         0  handlers.o ABSOLUTE
    init.s                                   0x00000000   Number         0  init.o ABSOLUTE
    BootProcess                              0x000000cd   Thumb Code    44  startup_ht32f5xxxx_01.o(RESET)
    .ARM.Collect$$$$00000000                 0x0000011c   Section        0  entry.o(.ARM.Collect$$$$00000000)
    .ARM.Collect$$$$00000001                 0x0000011c   Section        4  entry2.o(.ARM.Collect$$$$00000001)
    .ARM.Collect$$$$00000004                 0x00000120   Section        4  entry5.o(.ARM.Collect$$$$00000004)
    .ARM.Collect$$$$00000008                 0x00000124   Section        0  entry7b.o(.ARM.Collect$$$$00000008)
    .ARM.Collect$$$$0000000A                 0x00000124   Section        0  entry8b.o(.ARM.Collect$$$$0000000A)
    .ARM.Collect$$$$0000000B                 0x00000124   Section        8  entry9a.o(.ARM.Collect$$$$0000000B)
    .ARM.Collect$$$$0000000D                 0x0000012c   Section        0  entry10a.o(.ARM.Collect$$$$0000000D)
    .ARM.Collect$$$$0000000F                 0x0000012c   Section        0  entry11a.o(.ARM.Collect$$$$0000000F)
    .ARM.Collect$$$$00002712                 0x0000012c   Section        4  entry2.o(.ARM.Collect$$$$00002712)
    __lit__00000000                          0x0000012c   Data           4  entry2.o(.ARM.Collect$$$$00002712)
    .text                                    0x00000130   Section       36  init.o(.text)
    i.HardFault_Handler                      0x00000154   Section        0  ht32f5xxxx_01_it.o(i.HardFault_Handler)
    i.NMI_Handler                            0x00000164   Section        0  ht32f5xxxx_01_it.o(i.NMI_Handler)
    i.PendSV_Handler                         0x00000166   Section        0  ht32f5xxxx_01_it.o(i.PendSV_Handler)
    i.SVC_Handler                            0x00000168   Section        0  ht32f5xxxx_01_it.o(i.SVC_Handler)
    i.SysTick_Handler                        0x0000016a   Section        0  ht32f5xxxx_01_it.o(i.SysTick_Handler)
    i.SystemInit                             0x0000016c   Section        0  system_ht32f5xxxx_01.o(i.SystemInit)
    i.__scatterload_copy                     0x00000254   Section       14  handlers.o(i.__scatterload_copy)
    i.__scatterload_null                     0x00000262   Section        2  handlers.o(i.__scatterload_null)
    i.__scatterload_zeroinit                 0x00000264   Section       14  handlers.o(i.__scatterload_zeroinit)
    i.main                                   0x00000272   Section        0  main.o(i.main)
    .data                                    0x20000000   Section        4  ht32f5xxxx_01_it.o(.data)
    gIsContinue                              0x20000000   Data           4  ht32f5xxxx_01_it.o(.data)
    STACK                                    0x20000008   Section      512  startup_ht32f5xxxx_01.o(STACK)

    Global Symbols

    Symbol Name                              Value     Ov Type        Size  Object(Section)

    BuildAttributes$$THM_ISAv3M$S$PE$A:L22$X:L11$S22$IEEE1$IW$USESV6$~STKCKD$USESV7$~SHL$OSPACE$EBA8$MICROLIB$REQ8$PRES8$EABIv2 0x00000000   Number         0  anon$$obj.o ABSOLUTE
    __ARM_use_no_argv                        0x00000000   Number         0  main.o ABSOLUTE
    __Vectors                                0x00000000   Data           0  startup_ht32f5xxxx_01.o(RESET)
    __use_no_errno                           0x00000000   Number         0  useno.o ABSOLUTE
    __use_no_exception_handling              0x00000000   Number         0  useno.o ABSOLUTE
    __use_no_fp                              0x00000000   Number         0  useno.o ABSOLUTE
    __use_no_heap                            0x00000000   Number         0  useno.o ABSOLUTE
    __use_no_heap_region                     0x00000000   Number         0  useno.o ABSOLUTE
    __use_no_semihosting                     0x00000000   Number         0  useno.o ABSOLUTE
    __use_no_semihosting_swi                 0x00000000   Number         0  useno.o ABSOLUTE
    __use_no_signal_handling                 0x00000000   Number         0  useno.o ABSOLUTE
    __cpp_initialize__aeabi_                  - Undefined Weak Reference
    __cxa_finalize                            - Undefined Weak Reference
    __decompress                              - Undefined Weak Reference
    _clock_init                               - Undefined Weak Reference
    _microlib_exit                            - Undefined Weak Reference
    Reset_Handler                            0x000000c1   Thumb Code    12  startup_ht32f5xxxx_01.o(RESET)
    ADC_IRQHandler                           0x00000103   Thumb Code     0  startup_ht32f5xxxx_01.o(RESET)
    AES_IRQHandler                           0x00000103   Thumb Code     0  startup_ht32f5xxxx_01.o(RESET)
    BFTM0_IRQHandler                         0x00000103   Thumb Code     0  startup_ht32f5xxxx_01.o(RESET)
    BFTM1_IRQHandler                         0x00000103   Thumb Code     0  startup_ht32f5xxxx_01.o(RESET)
    COMP_IRQHandler                          0x00000103   Thumb Code     0  startup_ht32f5xxxx_01.o(RESET)
    EVWUP_IRQHandler                         0x00000103   Thumb Code     0  startup_ht32f5xxxx_01.o(RESET)
    EXTI0_1_IRQHandler                       0x00000103   Thumb Code     0  startup_ht32f5xxxx_01.o(RESET)
    EXTI2_3_IRQHandler                       0x00000103   Thumb Code     0  startup_ht32f5xxxx_01.o(RESET)
    EXTI4_15_IRQHandler                      0x00000103   Thumb Code     0  startup_ht32f5xxxx_01.o(RESET)
    FLASH_IRQHandler                         0x00000103   Thumb Code     0  startup_ht32f5xxxx_01.o(RESET)
    GPTM0_IRQHandler                         0x00000103   Thumb Code     0  startup_ht32f5xxxx_01.o(RESET)
    GPTM1_IRQHandler                         0x00000103   Thumb Code     0  startup_ht32f5xxxx_01.o(RESET)
    I2C0_IRQHandler                          0x00000103   Thumb Code     0  startup_ht32f5xxxx_01.o(RESET)
    I2C1_IRQHandler                          0x00000103   Thumb Code     0  startup_ht32f5xxxx_01.o(RESET)
    I2S_IRQHandler                           0x00000103   Thumb Code     0  startup_ht32f5xxxx_01.o(RESET)
    LVD_BOD_IRQHandler                       0x00000103   Thumb Code     0  startup_ht32f5xxxx_01.o(RESET)
    MCTM0_IRQHandler                         0x00000103   Thumb Code     0  startup_ht32f5xxxx_01.o(RESET)
    PDMA_CH0_1_IRQHandler                    0x00000103   Thumb Code     0  startup_ht32f5xxxx_01.o(RESET)
    PDMA_CH2_5_IRQHandler                    0x00000103   Thumb Code     0  startup_ht32f5xxxx_01.o(RESET)
    PWM0_IRQHandler                          0x00000103   Thumb Code     0  startup_ht32f5xxxx_01.o(RESET)
    PWM1_IRQHandler                          0x00000103   Thumb Code     0  startup_ht32f5xxxx_01.o(RESET)
    RTC_IRQHandler                           0x00000103   Thumb Code     0  startup_ht32f5xxxx_01.o(RESET)
    SCI_IRQHandler                           0x00000103   Thumb Code     0  startup_ht32f5xxxx_01.o(RESET)
    SCTM0_IRQHandler                         0x00000103   Thumb Code     0  startup_ht32f5xxxx_01.o(RESET)
    SCTM1_IRQHandler                         0x00000103   Thumb Code     0  startup_ht32f5xxxx_01.o(RESET)
    SCTM2_IRQHandler                         0x00000103   Thumb Code     0  startup_ht32f5xxxx_01.o(RESET)
    SCTM3_IRQHandler                         0x00000103   Thumb Code     0  startup_ht32f5xxxx_01.o(RESET)
    SPI0_IRQHandler                          0x00000103   Thumb Code     0  startup_ht32f5xxxx_01.o(RESET)
    SPI1_IRQHandler                          0x00000103   Thumb Code     0  startup_ht32f5xxxx_01.o(RESET)
    UART0_IRQHandler                         0x00000103   Thumb Code     0  startup_ht32f5xxxx_01.o(RESET)
    UART1_IRQHandler                         0x00000103   Thumb Code     0  startup_ht32f5xxxx_01.o(RESET)
    UART2_IRQHandler                         0x00000103   Thumb Code     0  startup_ht32f5xxxx_01.o(RESET)
    UART3_IRQHandler                         0x00000103   Thumb Code     0  startup_ht32f5xxxx_01.o(RESET)
    USART0_IRQHandler                        0x00000103   Thumb Code     0  startup_ht32f5xxxx_01.o(RESET)
    USART1_IRQHandler                        0x00000103   Thumb Code     0  startup_ht32f5xxxx_01.o(RESET)
    USB_IRQHandler                           0x00000103   Thumb Code     0  startup_ht32f5xxxx_01.o(RESET)
    __main                                   0x0000011d   Thumb Code     0  entry.o(.ARM.Collect$$$$00000000)
    _main_stk                                0x0000011d   Thumb Code     0  entry2.o(.ARM.Collect$$$$00000001)
    _main_scatterload                        0x00000121   Thumb Code     0  entry5.o(.ARM.Collect$$$$00000004)
    __main_after_scatterload                 0x00000125   Thumb Code     0  entry5.o(.ARM.Collect$$$$00000004)
    _main_clock                              0x00000125   Thumb Code     0  entry7b.o(.ARM.Collect$$$$00000008)
    _main_cpp_init                           0x00000125   Thumb Code     0  entry8b.o(.ARM.Collect$$$$0000000A)
    _main_init                               0x00000125   Thumb Code     0  entry9a.o(.ARM.Collect$$$$0000000B)
    __rt_final_cpp                           0x0000012d   Thumb Code     0  entry10a.o(.ARM.Collect$$$$0000000D)
    __rt_final_exit                          0x0000012d   Thumb Code     0  entry11a.o(.ARM.Collect$$$$0000000F)
    __scatterload                            0x00000131   Thumb Code    28  init.o(.text)
    __scatterload_rt2                        0x00000131   Thumb Code     0  init.o(.text)
    HardFault_Handler                        0x00000155   Thumb Code    10  ht32f5xxxx_01_it.o(i.HardFault_Handler)
    NMI_Handler                              0x00000165   Thumb Code     2  ht32f5xxxx_01_it.o(i.NMI_Handler)
    PendSV_Handler                           0x00000167   Thumb Code     2  ht32f5xxxx_01_it.o(i.PendSV_Handler)
    SVC_Handler                              0x00000169   Thumb Code     2  ht32f5xxxx_01_it.o(i.SVC_Handler)
    SysTick_Handler                          0x0000016b   Thumb Code     2  ht32f5xxxx_01_it.o(i.SysTick_Handler)
    SystemInit                               0x0000016d   Thumb Code   210  system_ht32f5xxxx_01.o(i.SystemInit)
    __scatterload_copy                       0x00000255   Thumb Code    14  handlers.o(i.__scatterload_copy)
    __scatterload_null                       0x00000263   Thumb Code     2  handlers.o(i.__scatterload_null)
    __scatterload_zeroinit                   0x00000265   Thumb Code    14  handlers.o(i.__scatterload_zeroinit)
    main                                     0x00000273   Thumb Code     4  main.o(i.main)
    Region$$Table$$Base                      0x00000278   Number         0  anon$$obj.o(Region$$Table)
    Region$$Table$$Limit                     0x00000298   Number         0  anon$$obj.o(Region$$Table)
    __HT_check_sp                            0x20000008   Data           0  startup_ht32f5xxxx_01.o(STACK)
    __initial_sp                             0x20000208   Data           0  startup_ht32f5xxxx_01.o(STACK)



==============================================================================

Memory Map of the image

  Image Entry point : 0x000000c1

  Load Region LR_IROM1 (Base: 0x00000000, Size: 0x0000029c, Max: 0x0001fe00, ABSOLUTE)

    Execution Region ER_IROM1 (Exec base: 0x00000000, Load base: 0x00000000, Size: 0x00000298, Max: 0x0001fe00, ABSOLUTE)

    Exec Addr    Load Addr    Size         Type   Attr      Idx    E Section Name        Object

    0x00000000   0x00000000   0x0000011c   Code   RO          261  * RESET               startup_ht32f5xxxx_01.o
    0x0000011c   0x0000011c   0x00000000   Code   RO         3767  * .ARM.Collect$$$$00000000  mc_p.l(entry.o)
    0x0000011c   0x0000011c   0x00000004   Code   RO         3772    .ARM.Collect$$$$00000001  mc_p.l(entry2.o)
    0x00000120   0x00000120   0x00000004   Code   RO         3775    .ARM.Collect$$$$00000004  mc_p.l(entry5.o)
    0x00000124   0x00000124   0x00000000   Code   RO         3777    .ARM.Collect$$$$00000008  mc_p.l(entry7b.o)
    0x00000124   0x00000124   0x00000000   Code   RO         3779    .ARM.Collect$$$$0000000A  mc_p.l(entry8b.o)
    0x00000124   0x00000124   0x00000008   Code   RO         3780    .ARM.Collect$$$$0000000B  mc_p.l(entry9a.o)
    0x0000012c   0x0000012c   0x00000000   Code   RO         3782    .ARM.Collect$$$$0000000D  mc_p.l(entry10a.o)
    0x0000012c   0x0000012c   0x00000000   Code   RO         3784    .ARM.Collect$$$$0000000F  mc_p.l(entry11a.o)
    0x0000012c   0x0000012c   0x00000004   Code   RO         3773    .ARM.Collect$$$$00002712  mc_p.l(entry2.o)
    0x00000130   0x00000130   0x00000024   Code   RO         3786    .text               mc_p.l(init.o)
    0x00000154   0x00000154   0x00000010   Code   RO          181    i.HardFault_Handler  ht32f5xxxx_01_it.o
    0x00000164   0x00000164   0x00000002   Code   RO          182    i.NMI_Handler       ht32f5xxxx_01_it.o
    0x00000166   0x00000166   0x00000002   Code   RO          183    i.PendSV_Handler    ht32f5xxxx_01_it.o
    0x00000168   0x00000168   0x00000002   Code   RO          184    i.SVC_Handler       ht32f5xxxx_01_it.o
    0x0000016a   0x0000016a   0x00000002   Code   RO          185    i.SysTick_Handler   ht32f5xxxx_01_it.o
    0x0000016c   0x0000016c   0x000000e8   Code   RO          227    i.SystemInit        system_ht32f5xxxx_01.o
    0x00000254   0x00000254   0x0000000e   Code   RO         3790    i.__scatterload_copy  mc_p.l(handlers.o)
    0x00000262   0x00000262   0x00000002   Code   RO         3791    i.__scatterload_null  mc_p.l(handlers.o)
    0x00000264   0x00000264   0x0000000e   Code   RO         3792    i.__scatterload_zeroinit  mc_p.l(handlers.o)
    0x00000272   0x00000272   0x00000004   Code   RO            3    i.main              main.o
    0x00000276   0x00000276   0x00000002   PAD
    0x00000278   0x00000278   0x00000020   Data   RO         3788    Region$$Table       anon$$obj.o


    Execution Region RW_IRAM1 (Exec base: 0x20000000, Load base: 0x00000298, Size: 0x00000208, Max: 0x00004000, ABSOLUTE)

    Exec Addr    Load Addr    Size         Type   Attr      Idx    E Section Name        Object

    0x20000000   0x00000298   0x00000004   Data   RW          186    .data               ht32f5xxxx_01_it.o
    0x20000004   0x0000029c   0x00000004   PAD
    0x20000008        -       0x00000200   Zero   RW          259    STACK               startup_ht32f5xxxx_01.o


==============================================================================

Image component sizes


      Code (inc. data)   RO Data    RW Data    ZI Data      Debug   Object Name

        24          6          0          4          0       2207   ht32f5xxxx_01_it.o
         4          0          0          0          0      20859   main.o
       284        216          0          0        512        688   startup_ht32f5xxxx_01.o
       232         22          0          0          0        629   system_ht32f5xxxx_01.o

    ----------------------------------------------------------------------
       546        244         32          4        516      24383   Object Totals
         0          0         32          0          0          0   (incl. Generated)
         2          0          0          0          4          0   (incl. Padding)

    ----------------------------------------------------------------------

      Code (inc. data)   RO Data    RW Data    ZI Data      Debug   Library Member Name

         0          0          0          0          0          0   entry.o
         0          0          0          0          0          0   entry10a.o
         0          0          0          0          0          0   entry11a.o
         8          4          0          0          0          0   entry2.o
         4          0          0          0          0          0   entry5.o
         0          0          0          0          0          0   entry7b.o
         0          0          0          0          0          0   entry8b.o
         8          4          0          0          0          0   entry9a.o
        30          0          0          0          0          0   handlers.o
        36          8          0          0          0         68   init.o

    ----------------------------------------------------------------------
        86         16          0          0          0         68   Library Totals
         0          0          0          0          0          0   (incl. Padding)

    ----------------------------------------------------------------------

      Code (inc. data)   RO Data    RW Data    ZI Data      Debug   Library Name

        86         16          0          0          0         68   mc_p.l

    ----------------------------------------------------------------------
        86         16          0          0          0         68   Library Totals

    ----------------------------------------------------------------------

==============================================================================


      Code (inc. data)   RO Data    RW Data    ZI Data      Debug   

       632        260         32          4        516      24471   Grand Totals
       632        260         32          4        516      24471   ELF Image Totals
       632        260         32          4          0          0   ROM Totals

==============================================================================

    Total RO  Size (Code + RO Data)                  664 (   0.65kB)
    Total RW  Size (RW Data + ZI Data)               520 (   0.51kB)
    Total ROM Size (Code + RO Data + RW Data)        668 (   0.65kB)

==============================================================================

